Archive member included to satisfy reference by file (symbol)

c:/progra~1/raspbe~1/picosd~1.1/gcc-ar~1/bin/../lib/gcc/arm-none-eabi/10.3.1/../../../../arm-none-eabi/lib/thumb/v6-m/nofp\libm.a(lib_a-sf_fmax.o)
                              CMakeFiles/main.dir/main.c.obj (fmaxf)
c:/progra~1/raspbe~1/picosd~1.1/gcc-ar~1/bin/../lib/gcc/arm-none-eabi/10.3.1/../../../../arm-none-eabi/lib/thumb/v6-m/nofp\libm.a(lib_a-sf_fmin.o)
                              CMakeFiles/main.dir/main.c.obj (fminf)
c:/progra~1/raspbe~1/picosd~1.1/gcc-ar~1/bin/../lib/gcc/arm-none-eabi/10.3.1/../../../../arm-none-eabi/lib/thumb/v6-m/nofp\libm.a(lib_a-sf_fpclassify.o)
                              c:/progra~1/raspbe~1/picosd~1.1/gcc-ar~1/bin/../lib/gcc/arm-none-eabi/10.3.1/../../../../arm-none-eabi/lib/thumb/v6-m/nofp\libm.a(lib_a-sf_fmax.o) (__fpclassifyf)
c:/progra~1/raspbe~1/picosd~1.1/gcc-ar~1/bin/../lib/gcc/arm-none-eabi/10.3.1/thumb/v6-m/nofp\libgcc.a(_dvmd_tls.o)
                              CMakeFiles/main.dir/C_/Program_Files/Raspberry_Pi/Pico_SDK_v1.5.1/pico-sdk/src/rp2_common/pico_divider/divider.S.obj (__aeabi_idiv0)
c:/progra~1/raspbe~1/picosd~1.1/gcc-ar~1/bin/../lib/gcc/arm-none-eabi/10.3.1/../../../../arm-none-eabi/lib/thumb/v6-m/nofp\libg.a(lib_a-calloc.o)
                              CMakeFiles/main.dir/C_/Program_Files/Raspberry_Pi/Pico_SDK_v1.5.1/pico-sdk/src/rp2_common/pico_malloc/pico_malloc.c.obj (calloc)
c:/progra~1/raspbe~1/picosd~1.1/gcc-ar~1/bin/../lib/gcc/arm-none-eabi/10.3.1/../../../../arm-none-eabi/lib/thumb/v6-m/nofp\libg.a(lib_a-callocr.o)
                              c:/progra~1/raspbe~1/picosd~1.1/gcc-ar~1/bin/../lib/gcc/arm-none-eabi/10.3.1/../../../../arm-none-eabi/lib/thumb/v6-m/nofp\libg.a(lib_a-calloc.o) (_calloc_r)
c:/progra~1/raspbe~1/picosd~1.1/gcc-ar~1/bin/../lib/gcc/arm-none-eabi/10.3.1/../../../../arm-none-eabi/lib/thumb/v6-m/nofp\libg.a(lib_a-errno.o)
                              c:/progra~1/raspbe~1/picosd~1.1/gcc-ar~1/bin/../lib/gcc/arm-none-eabi/10.3.1/../../../../arm-none-eabi/lib/thumb/v6-m/nofp\libg.a(lib_a-callocr.o) (__errno)
c:/progra~1/raspbe~1/picosd~1.1/gcc-ar~1/bin/../lib/gcc/arm-none-eabi/10.3.1/../../../../arm-none-eabi/lib/thumb/v6-m/nofp\libg.a(lib_a-impure.o)
                              c:/progra~1/raspbe~1/picosd~1.1/gcc-ar~1/bin/../lib/gcc/arm-none-eabi/10.3.1/../../../../arm-none-eabi/lib/thumb/v6-m/nofp\libg.a(lib_a-calloc.o) (_impure_ptr)
c:/progra~1/raspbe~1/picosd~1.1/gcc-ar~1/bin/../lib/gcc/arm-none-eabi/10.3.1/../../../../arm-none-eabi/lib/thumb/v6-m/nofp\libg.a(lib_a-init.o)
                              c:/progra~1/raspbe~1/picosd~1.1/gcc-ar~1/bin/../lib/gcc/arm-none-eabi/10.3.1/../../../../arm-none-eabi/lib/thumb/v6-m/nofp/crt0.o (__libc_init_array)
c:/progra~1/raspbe~1/picosd~1.1/gcc-ar~1/bin/../lib/gcc/arm-none-eabi/10.3.1/../../../../arm-none-eabi/lib/thumb/v6-m/nofp\libg.a(lib_a-malloc.o)
                              CMakeFiles/main.dir/C_/Program_Files/Raspberry_Pi/Pico_SDK_v1.5.1/pico-sdk/src/rp2_common/pico_malloc/pico_malloc.c.obj (malloc)
c:/progra~1/raspbe~1/picosd~1.1/gcc-ar~1/bin/../lib/gcc/arm-none-eabi/10.3.1/../../../../arm-none-eabi/lib/thumb/v6-m/nofp\libg.a(lib_a-mallocr.o)
                              c:/progra~1/raspbe~1/picosd~1.1/gcc-ar~1/bin/../lib/gcc/arm-none-eabi/10.3.1/../../../../arm-none-eabi/lib/thumb/v6-m/nofp\libg.a(lib_a-callocr.o) (_malloc_r)
c:/progra~1/raspbe~1/picosd~1.1/gcc-ar~1/bin/../lib/gcc/arm-none-eabi/10.3.1/../../../../arm-none-eabi/lib/thumb/v6-m/nofp\libg.a(lib_a-mlock.o)
                              c:/progra~1/raspbe~1/picosd~1.1/gcc-ar~1/bin/../lib/gcc/arm-none-eabi/10.3.1/../../../../arm-none-eabi/lib/thumb/v6-m/nofp\libg.a(lib_a-mallocr.o) (__malloc_lock)
c:/progra~1/raspbe~1/picosd~1.1/gcc-ar~1/bin/../lib/gcc/arm-none-eabi/10.3.1/../../../../arm-none-eabi/lib/thumb/v6-m/nofp\libg.a(lib_a-realloc.o)
                              CMakeFiles/main.dir/C_/Program_Files/Raspberry_Pi/Pico_SDK_v1.5.1/pico-sdk/src/rp2_common/pico_malloc/pico_malloc.c.obj (realloc)
c:/progra~1/raspbe~1/picosd~1.1/gcc-ar~1/bin/../lib/gcc/arm-none-eabi/10.3.1/../../../../arm-none-eabi/lib/thumb/v6-m/nofp\libg.a(lib_a-reallocr.o)
                              c:/progra~1/raspbe~1/picosd~1.1/gcc-ar~1/bin/../lib/gcc/arm-none-eabi/10.3.1/../../../../arm-none-eabi/lib/thumb/v6-m/nofp\libg.a(lib_a-realloc.o) (_realloc_r)
c:/progra~1/raspbe~1/picosd~1.1/gcc-ar~1/bin/../lib/gcc/arm-none-eabi/10.3.1/../../../../arm-none-eabi/lib/thumb/v6-m/nofp\libg.a(lib_a-sbrkr.o)
                              c:/progra~1/raspbe~1/picosd~1.1/gcc-ar~1/bin/../lib/gcc/arm-none-eabi/10.3.1/../../../../arm-none-eabi/lib/thumb/v6-m/nofp\libg.a(lib_a-mallocr.o) (_sbrk_r)
c:/progra~1/raspbe~1/picosd~1.1/gcc-ar~1/bin/../lib/gcc/arm-none-eabi/10.3.1/../../../../arm-none-eabi/lib/thumb/v6-m/nofp\libg.a(lib_a-strlen-stub.o)
[...]
Memory Configuration

Name             Origin             Length             Attributes
FLASH            0x10000000         0x00200000         xr
RAM              0x20000000         0x00040000         xrw
SCRATCH_X        0x20040000         0x00001000         xrw
SCRATCH_Y        0x20041000         0x00001000         xrw
*default*        0x00000000         0xffffffff

Linker script and memory map

LOAD c:/progra~1/raspbe~1/picosd~1.1/gcc-ar~1/bin/../lib/gcc/arm-none-eabi/10.3.1/thumb/v6-m/nofp/crti.o
LOAD c:/progra~1/raspbe~1/picosd~1.1/gcc-ar~1/bin/../lib/gcc/arm-none-eabi/10.3.1/thumb/v6-m/nofp/crtbegin.o
LOAD c:/progra~1/raspbe~1/picosd~1.1/gcc-ar~1/bin/../lib/gcc/arm-none-eabi/10.3.1/../../../../arm-none-eabi/lib/thumb/v6-m/nofp/crt0.o

.flash_begin    0x10000000        0x0
                0x10000000                __flash_binary_start = .

.boot2          0x10000000      0x100
                0x10000000                __boot2_start__ = .
 *(.boot2)
 .boot2         0x10000000      0x100 C:\Users\pc\AppData\Local\Temp\ccy063ng.o
                0x10000100                __boot2_end__ = .
                0x00000001                ASSERT (((__boot2_end__ - __boot2_start__) == 0x100), ERROR: Pico second stage bootloader must be 256 bytes in size)

.text           0x10000100     0xa8d0
                0x10000100                __logical_binary_start = .
 *(.vectors)
 .vectors       0x10000100       0xd4 CMakeFiles/main.dir/C_/Program_Files/Raspberry_Pi/Pico_SDK_v1.5.1/pico-sdk/src/rp2_common/pico_standard_link/crt0.S.obj
                0x10000100                __VECTOR_TABLE
                0x10000100                __vectors
                0x100001c0                isr_invalid
                0x100001c0                __default_isrs_start
                0x100001c2                isr_nmi
                0x100001c4                isr_hardfault
                0x100001c6                isr_svcall
                0x100001c8                isr_pendsv
                0x100001ca                isr_systick
                0x100001cc                isr_irq23
                0x100001cc                isr_irq18
                0x100001cc                isr_irq11
                0x100001cc                isr_irq28
                0x100001cc                isr_irq19
                0x100001cc                isr_irq0
                0x100001cc                isr_irq6
                0x100001cc                isr_irq5
                0x100001cc                isr_irq12
                0x100001cc                isr_irq22
                0x100001cc                isr_irq31
                0x100001cc                isr_irq17
                0x100001cc                isr_irq27
                0x100001cc                isr_irq30
                0x100001cc                isr_irq2
                0x100001cc                isr_irq10
                0x100001cc                isr_irq8
                0x100001cc                isr_irq24
                0x100001cc                isr_irq1
                0x100001cc                isr_irq7
                0x100001cc                isr_irq21
                0x100001cc                isr_irq20
                0x100001cc                isr_irq15
                0x100001cc                isr_irq25
                0x100001cc                isr_irq13
                0x100001cc                __unhandled_user_irq
                0x100001cc                isr_irq4
                0x100001cc                isr_irq16
                0x100001cc                isr_irq29
                0x100001cc                isr_irq26
                0x100001cc                __default_isrs_end
                0x100001cc                isr_irq3
                0x100001cc                isr_irq14
                0x100001cc                isr_irq9
                0x100001d2                unhandled_user_irq_num_in_r0
 *(.binary_info_header)
 .binary_info_header
                0x100001d4       0x14 CMakeFiles/main.dir/C_/Program_Files/Raspberry_Pi/Pico_SDK_v1.5.1/pico-sdk/src/rp2_common/pico_standard_link/crt0.S.obj
                0x100001e8                __binary_info_header_end = .
 *(.reset)
 .reset         0x100001e8       0xa0 CMakeFiles/main.dir/C_/Program_Files/Raspberry_Pi/Pico_SDK_v1.5.1/pico-sdk/src/rp2_common/pico_standard_link/crt0.S.obj
                0x100001e8                _entry_point
 .reset         0x10000288       0x30 CMakeFiles/main.dir/C_/Program_Files/Raspberry_Pi/Pico_SDK_v1.5.1/pico-sdk/src/rp2_common/pico_standard_link/binary_info.c.obj
 *(.init)
 .init          0x100002b8        0x4 c:/progra~1/raspbe~1/picosd~1.1/gcc-ar~1/bin/../lib/gcc/arm-none-eabi/10.3.1/thumb/v6-m/nofp/crti.o
                0x100002b8                _init
 *(EXCLUDE_FILE(*libm.a: *libc.a:*lib_a-mem*.o *libgcc.a:) .text*)
 .text          0x100002bc       0x48 c:/progra~1/raspbe~1/picosd~1.1/gcc-ar~1/bin/../lib/gcc/arm-none-eabi/10.3.1/thumb/v6-m/nofp/crtbegin.o
 .text.changeWaveform
                0x10000304       0x54 CMakeFiles/main.dir/main.c.obj
                0x10000304                changeWaveform
 .text.waveformButtonCallback
                0x10000358       0x44 CMakeFiles/main.dir/main.c.obj
                0x10000358                waveformButtonCallback
 .text.setup_gpio
                0x1000039c       0x54 CMakeFiles/main.dir/main.c.obj
                0x1000039c                setup_gpio
 .text.write_dac
                0x100003f0       0x34 CMakeFiles/main.dir/main.c.obj
                0x100003f0                write_dac
 .text.setup    0x10000424        0xc CMakeFiles/main.dir/main.c.obj
                0x10000424                setup
 .text.getKeypadInput
                0x10000430       0xb0 CMakeFiles/main.dir/main.c.obj
                0x10000430                getKeypadInput
 .text.readAmplitude
                0x100004e0       0xa8 CMakeFiles/main.dir/main.c.obj
                0x100004e0                readAmplitude
 .text.readFrequency
                0x10000588       0x9c CMakeFiles/main.dir/main.c.obj
                0x10000588                readFrequency
 .text.readDCOffset
                0x10000624       0xa8 CMakeFiles/main.dir/main.c.obj
                0x10000624                readDCOffset
 .text.main     0x100006cc      0x33c CMakeFiles/main.dir/main.c.obj
                0x100006cc                main
 .text.gpio_set_function
                0x10000a08       0x30 CMakeFiles/main.dir/C_/Program_Files/Raspberry_Pi/Pico_SDK_v1.5.1/pico-sdk/src/rp2_common/hardware_gpio/gpio.c.obj
                0x10000a08                gpio_set_function
 .text.gpio_set_pulls
                0x10000a38       0x34 CMakeFiles/main.dir/C_/Program_Files/Raspberry_Pi/Pico_SDK_v1.5.1/pico-sdk/src/rp2_common/hardware_gpio/gpio.c.obj
                0x10000a38                gpio_set_pulls
 .text.gpio_set_irq_callback
                0x10000a6c       0x48 CMakeFiles/main.dir/C_/Program_Files/Raspberry_Pi/Pico_SDK_v1.5.1/pico-sdk/src/rp2_common/hardware_gpio/gpio.c.obj
                0x10000a6c                gpio_set_irq_callback
 .text.gpio_acknowledge_irq
                0x10000ab4       0x18 CMakeFiles/main.dir/C_/Program_Files/Raspberry_Pi/Pico_SDK_v1.5.1/pico-sdk/src/rp2_common/hardware_gpio/gpio.c.obj
                0x10000ab4                gpio_acknowledge_irq
 .text._gpio_set_irq_enabled
                0x10000acc       0x34 CMakeFiles/main.dir/C_/Program_Files/Raspberry_Pi/Pico_SDK_v1.5.1/pico-sdk/src/rp2_common/hardware_gpio/gpio.c.obj
 .text.gpio_set_irq_enabled
                0x10000b00       0x20 CMakeFiles/main.dir/C_/Program_Files/Raspberry_Pi/Pico_SDK_v1.5.1/pico-sdk/src/rp2_common/hardware_gpio/gpio.c.obj
                0x10000b00                gpio_set_irq_enabled
 .text.gpio_set_irq_enabled_with_callback
                0x10000b20       0x20 CMakeFiles/main.dir/C_/Program_Files/Raspberry_Pi/Pico_SDK_v1.5.1/pico-sdk/src/rp2_common/hardware_gpio/gpio.c.obj
                0x10000b20                gpio_set_irq_enabled_with_callback
 .text.gpio_default_irq_handler
                0x10000b40       0x98 CMakeFiles/main.dir/C_/Program_Files/Raspberry_Pi/Pico_SDK_v1.5.1/pico-sdk/src/rp2_common/hardware_gpio/gpio.c.obj
 .text.gpio_init
                0x10000bd8       0x16 CMakeFiles/main.dir/C_/Program_Files/Raspberry_Pi/Pico_SDK_v1.5.1/pico-sdk/src/rp2_common/hardware_gpio/gpio.c.obj
                0x10000bd8                gpio_init
 *fill*         0x10000bee        0x2 
 .text.running_on_fpga
                0x10000bf0       0x14 CMakeFiles/main.dir/C_/Program_Files/Raspberry_Pi/Pico_SDK_v1.5.1/pico-sdk/src/rp2_common/pico_platform/platform.c.obj
                0x10000bf0                running_on_fpga
 .text.hw_claim_lock
                0x10000c04       0x18 CMakeFiles/main.dir/C_/Program_Files/Raspberry_Pi/Pico_SDK_v1.5.1/pico-sdk/src/rp2_common/hardware_claim/claim.c.obj
                0x10000c04                hw_claim_lock
 .text.hw_claim_unlock
                0x10000c1c       0x14 CMakeFiles/main.dir/C_/Program_Files/Raspberry_Pi/Pico_SDK_v1.5.1/pico-sdk/src/rp2_common/hardware_claim/claim.c.obj
                0x10000c1c                hw_claim_unlock
 .text.hw_claim_or_assert
                0x10000c30       0x32 CMakeFiles/main.dir/C_/Program_Files/Raspberry_Pi/Pico_SDK_v1.5.1/pico-sdk/src/rp2_common/hardware_claim/claim.c.obj
                0x10000c30                hw_claim_or_assert
 .text.hw_claim_unused_from_range
                0x10000c62       0x50 CMakeFiles/main.dir/C_/Program_Files/Raspberry_Pi/Pico_SDK_v1.5.1/pico-sdk/src/rp2_common/hardware_claim/claim.c.obj
                0x10000c62                hw_claim_unused_from_range
 *fill*         0x10000cb2        0x2 
 .text.spin_locks_reset
                0x10000cb4       0x20 CMakeFiles/main.dir/C_/Program_Files/Raspberry_Pi/Pico_SDK_v1.5.1/pico-sdk/src/rp2_common/hardware_sync/sync.c.obj
                0x10000cb4                spin_locks_reset
 .text.next_striped_spin_lock_num
                0x10000cd4       0x1c CMakeFiles/main.dir/C_/Program_Files/Raspberry_Pi/Pico_SDK_v1.5.1/pico-sdk/src/rp2_common/hardware_sync/sync.c.obj
                0x10000cd4                next_striped_spin_lock_num
 .text.spin_lock_claim_unused
                0x10000cf0       0x20 CMakeFiles/main.dir/C_/Program_Files/Raspberry_Pi/Pico_SDK_v1.5.1/pico-sdk/src/rp2_common/hardware_sync/sync.c.obj
                0x10000cf0                spin_lock_claim_unused
 .text.set_raw_irq_handler_and_unlock
                0x10000d10       0x28 CMakeFiles/main.dir/C_/Program_Files/Raspberry_Pi/Pico_SDK_v1.5.1/pico-sdk/src/rp2_common/hardware_irq/irq.c.obj
 .text.make_branch
                0x10000d38       0x48 CMakeFiles/main.dir/C_/Program_Files/Raspberry_Pi/Pico_SDK_v1.5.1/pico-sdk/src/rp2_common/hardware_irq/irq.c.obj
 .text.insert_branch_and_link
                0x10000d80       0x40 CMakeFiles/main.dir/C_/Program_Files/Raspberry_Pi/Pico_SDK_v1.5.1/pico-sdk/src/rp2_common/hardware_irq/irq.c.obj
 .text.irq_is_enabled
                0x10000dc0       0x18 CMakeFiles/main.dir/C_/Program_Files/Raspberry_Pi/Pico_SDK_v1.5.1/pico-sdk/src/rp2_common/hardware_irq/irq.c.obj
                0x10000dc0                irq_is_enabled
 .text.irq_set_mask_enabled
                0x10000dd8       0x20 CMakeFiles/main.dir/C_/Program_Files/Raspberry_Pi/Pico_SDK_v1.5.1/pico-sdk/src/rp2_common/hardware_irq/irq.c.obj
                0x10000dd8                irq_set_mask_enabled
 .text.irq_set_enabled
                0x10000df8        0xe CMakeFiles/main.dir/C_/Program_Files/Raspberry_Pi/Pico_SDK_v1.5.1/pico-sdk/src/rp2_common/hardware_irq/irq.c.obj
                0x10000df8                irq_set_enabled
 *fill*         0x10000e06        0x2 
 .text.irq_set_pending
                0x10000e08       0x10 CMakeFiles/main.dir/C_/Program_Files/Raspberry_Pi/Pico_SDK_v1.5.1/pico-sdk/src/rp2_common/hardware_irq/irq.c.obj
                0x10000e08                irq_set_pending
 .text.irq_get_vtable_handler
                0x10000e18       0x10 CMakeFiles/main.dir/C_/Program_Files/Raspberry_Pi/Pico_SDK_v1.5.1/pico-sdk/src/rp2_common/hardware_irq/irq.c.obj
                0x10000e18                irq_get_vtable_handler
 .text.irq_has_shared_handler
                0x10000e28       0x24 CMakeFiles/main.dir/C_/Program_Files/Raspberry_Pi/Pico_SDK_v1.5.1/pico-sdk/src/rp2_common/hardware_irq/irq.c.obj
                0x10000e28                irq_has_shared_handler
 .text.irq_set_exclusive_handler
                0x10000e4c       0x54 CMakeFiles/main.dir/C_/Program_Files/Raspberry_Pi/Pico_SDK_v1.5.1/pico-sdk/src/rp2_common/hardware_irq/irq.c.obj
                0x10000e4c                irq_set_exclusive_handler
 .text.irq_add_shared_handler
                0x10000ea0      0x234 CMakeFiles/main.dir/C_/Program_Files/Raspberry_Pi/Pico_SDK_v1.5.1/pico-sdk/src/rp2_common/hardware_irq/irq.c.obj
                0x10000ea0                irq_add_shared_handler
 .text.irq_remove_handler
                0x100010d4      0x1ac CMakeFiles/main.dir/C_/Program_Files/Raspberry_Pi/Pico_SDK_v1.5.1/pico-sdk/src/rp2_common/hardware_irq/irq.c.obj
                0x100010d4                irq_remove_handler
 .text.irq_add_tail_to_free_list
                0x10001280       0xf0 CMakeFiles/main.dir/C_/Program_Files/Raspberry_Pi/Pico_SDK_v1.5.1/pico-sdk/src/rp2_common/hardware_irq/irq.c.obj
                0x10001280                irq_add_tail_to_free_list
 .text.irq_init_priorities
                0x10001370       0x1c CMakeFiles/main.dir/C_/Program_Files/Raspberry_Pi/Pico_SDK_v1.5.1/pico-sdk/src/rp2_common/hardware_irq/irq.c.obj
                0x10001370                irq_init_priorities
 .text.user_irq_claim_unused
                0x1000138c       0x28 CMakeFiles/main.dir/C_/Program_Files/Raspberry_Pi/Pico_SDK_v1.5.1/pico-sdk/src/rp2_common/hardware_irq/irq.c.obj
                0x1000138c                user_irq_claim_unused
 .text.lock_init
                0x100013b4       0x10 CMakeFiles/main.dir/C_/Program_Files/Raspberry_Pi/Pico_SDK_v1.5.1/pico-sdk/src/common/pico_sync/lock_core.c.obj
                0x100013b4                lock_init
 .text.mutex_init
                0x100013c4       0x1a CMakeFiles/main.dir/C_/Program_Files/Raspberry_Pi/Pico_SDK_v1.5.1/pico-sdk/src/common/pico_sync/mutex.c.obj
                0x100013c4                mutex_init
 .text.recursive_mutex_init
                0x100013de       0x1e CMakeFiles/main.dir/C_/Program_Files/Raspberry_Pi/Pico_SDK_v1.5.1/pico-sdk/src/common/pico_sync/mutex.c.obj
                0x100013de                recursive_mutex_init
 .text.critical_section_init_with_lock_num
                0x100013fc       0x14 CMakeFiles/main.dir/C_/Program_Files/Raspberry_Pi/Pico_SDK_v1.5.1/pico-sdk/src/common/pico_sync/critical_section.c.obj
                0x100013fc                critical_section_init_with_lock_num
 .text.critical_section_init
                0x10001410       0x14 CMakeFiles/main.dir/C_/Program_Files/Raspberry_Pi/Pico_SDK_v1.5.1/pico-sdk/src/common/pico_sync/critical_section.c.obj
                0x10001410                critical_section_init
 .text.alarm_pool_post_alloc_init
                0x10001424       0x40 CMakeFiles/main.dir/C_/Program_Files/Raspberry_Pi/Pico_SDK_v1.5.1/pico-sdk/src/common/pico_time/time.c.obj
 .text.sleep_until_callback
                0x10001464       0x30 CMakeFiles/main.dir/C_/Program_Files/Raspberry_Pi/Pico_SDK_v1.5.1/pico-sdk/src/common/pico_time/time.c.obj
 .text.timer_pool_entry_comparator
                0x10001494       0x7c CMakeFiles/main.dir/C_/Program_Files/Raspberry_Pi/Pico_SDK_v1.5.1/pico-sdk/src/common/pico_time/time.c.obj
                0x10001494                timer_pool_entry_comparator
 .text.ph_add_child_node
                0x10001510       0xa4 CMakeFiles/main.dir/C_/Program_Files/Raspberry_Pi/Pico_SDK_v1.5.1/pico-sdk/src/common/pico_time/time.c.obj
 .text.ph_merge_nodes
                0x100015b4       0x3e CMakeFiles/main.dir/C_/Program_Files/Raspberry_Pi/Pico_SDK_v1.5.1/pico-sdk/src/common/pico_time/time.c.obj
 *fill*         0x100015f2        0x2 
 .text.add_alarm_under_lock
                0x100015f4      0x174 CMakeFiles/main.dir/C_/Program_Files/Raspberry_Pi/Pico_SDK_v1.5.1/pico-sdk/src/common/pico_time/time.c.obj
 .text.alarm_pool_alarm_callback
                0x10001768      0x33c CMakeFiles/main.dir/C_/Program_Files/Raspberry_Pi/Pico_SDK_v1.5.1/pico-sdk/src/common/pico_time/time.c.obj
 .text.alarm_pool_init_default
                0x10001aa4       0x40 CMakeFiles/main.dir/C_/Program_Files/Raspberry_Pi/Pico_SDK_v1.5.1/pico-sdk/src/common/pico_time/time.c.obj
                0x10001aa4                alarm_pool_init_default
 .text.alarm_pool_get_default
                0x10001ae4       0x2c CMakeFiles/main.dir/C_/Program_Files/Raspberry_Pi/Pico_SDK_v1.5.1/pico-sdk/src/common/pico_time/time.c.obj
                0x10001ae4                alarm_pool_get_default
 .text.alarm_pool_add_alarm_at
                0x10001b10      0x168 CMakeFiles/main.dir/C_/Program_Files/Raspberry_Pi/Pico_SDK_v1.5.1/pico-sdk/src/common/pico_time/time.c.obj
                0x10001b10                alarm_pool_add_alarm_at
 .text.alarm_pool_cancel_alarm
                0x10001c78       0xf8 CMakeFiles/main.dir/C_/Program_Files/Raspberry_Pi/Pico_SDK_v1.5.1/pico-sdk/src/common/pico_time/time.c.obj
                0x10001c78                alarm_pool_cancel_alarm
 .text.alarm_pool_core_num
                0x10001d70        0x4 CMakeFiles/main.dir/C_/Program_Files/Raspberry_Pi/Pico_SDK_v1.5.1/pico-sdk/src/common/pico_time/time.c.obj
                0x10001d70                alarm_pool_core_num
 .text.sleep_until
                0x10001d74       0xfc CMakeFiles/main.dir/C_/Program_Files/Raspberry_Pi/Pico_SDK_v1.5.1/pico-sdk/src/common/pico_time/time.c.obj
                0x10001d74                sleep_until
 .text.sleep_us
                0x10001e70       0x58 CMakeFiles/main.dir/C_/Program_Files/Raspberry_Pi/Pico_SDK_v1.5.1/pico-sdk/src/common/pico_time/time.c.obj
                0x10001e70                sleep_us
 .text.sleep_ms
                0x10001ec8       0x14 CMakeFiles/main.dir/C_/Program_Files/Raspberry_Pi/Pico_SDK_v1.5.1/pico-sdk/src/common/pico_time/time.c.obj
                0x10001ec8                sleep_ms
 .text.best_effort_wfe_or_timeout
                0x10001edc       0xac CMakeFiles/main.dir/C_/Program_Files/Raspberry_Pi/Pico_SDK_v1.5.1/pico-sdk/src/common/pico_time/time.c.obj
                0x10001edc                best_effort_wfe_or_timeout
 .text.hardware_alarm_irq_handler
                0x10001f88       0x90 CMakeFiles/main.dir/C_/Program_Files/Raspberry_Pi/Pico_SDK_v1.5.1/pico-sdk/src/rp2_common/hardware_timer/timer.c.obj
 .text.hardware_alarm_claim
                0x10002018       0x18 CMakeFiles/main.dir/C_/Program_Files/Raspberry_Pi/Pico_SDK_v1.5.1/pico-sdk/src/rp2_common/hardware_timer/timer.c.obj
                0x10002018                hardware_alarm_claim
 .text.time_us_64
                0x10002030       0x18 CMakeFiles/main.dir/C_/Program_Files/Raspberry_Pi/Pico_SDK_v1.5.1/pico-sdk/src/rp2_common/hardware_timer/timer.c.obj
                0x10002030                time_us_64
 .text.busy_wait_until
                0x10002048       0x28 CMakeFiles/main.dir/C_/Program_Files/Raspberry_Pi/Pico_SDK_v1.5.1/pico-sdk/src/rp2_common/hardware_timer/timer.c.obj
                0x10002048                busy_wait_until
 .text.hardware_alarm_set_callback
                0x10002070       0x90 CMakeFiles/main.dir/C_/Program_Files/Raspberry_Pi/Pico_SDK_v1.5.1/pico-sdk/src/rp2_common/hardware_timer/timer.c.obj
                0x10002070                hardware_alarm_set_callback
 .text.hardware_alarm_set_target
                0x10002100       0xe8 CMakeFiles/main.dir/C_/Program_Files/Raspberry_Pi/Pico_SDK_v1.5.1/pico-sdk/src/rp2_common/hardware_timer/timer.c.obj
                0x10002100                hardware_alarm_set_target
 .text.hardware_alarm_cancel
                0x100021e8       0x40 CMakeFiles/main.dir/C_/Program_Files/Raspberry_Pi/Pico_SDK_v1.5.1/pico-sdk/src/rp2_common/hardware_timer/timer.c.obj
                0x100021e8                hardware_alarm_cancel
 .text.ph_add_child_node
                0x10002228       0xa4 CMakeFiles/main.dir/C_/Program_Files/Raspberry_Pi/Pico_SDK_v1.5.1/pico-sdk/src/common/pico_util/pheap.c.obj
 .text.ph_merge_nodes
                0x100022cc       0x3e CMakeFiles/main.dir/C_/Program_Files/Raspberry_Pi/Pico_SDK_v1.5.1/pico-sdk/src/common/pico_util/pheap.c.obj
 *fill*         0x1000230a        0x2 
 .text.ph_clear
                0x1000230c       0x70 CMakeFiles/main.dir/C_/Program_Files/Raspberry_Pi/Pico_SDK_v1.5.1/pico-sdk/src/common/pico_util/pheap.c.obj
                0x1000230c                ph_clear
 .text.ph_post_alloc_init
                0x1000237c        0xe CMakeFiles/main.dir/C_/Program_Files/Raspberry_Pi/Pico_SDK_v1.5.1/pico-sdk/src/common/pico_util/pheap.c.obj
                0x1000237c                ph_post_alloc_init
 *fill*         0x1000238a        0x2 
 .text.ph_merge_two_pass
                0x1000238c       0xa8 CMakeFiles/main.dir/C_/Program_Files/Raspberry_Pi/Pico_SDK_v1.5.1/pico-sdk/src/common/pico_util/pheap.c.obj
                0x1000238c                ph_merge_two_pass
 .text.ph_remove_any_head
                0x10002434      0x128 CMakeFiles/main.dir/C_/Program_Files/Raspberry_Pi/Pico_SDK_v1.5.1/pico-sdk/src/common/pico_util/pheap.c.obj
 .text.ph_remove_head
                0x1000255c       0x14 CMakeFiles/main.dir/C_/Program_Files/Raspberry_Pi/Pico_SDK_v1.5.1/pico-sdk/src/common/pico_util/pheap.c.obj
                0x1000255c                ph_remove_head
 .text.ph_remove_and_free_node
                0x10002570       0xf8 CMakeFiles/main.dir/C_/Program_Files/Raspberry_Pi/Pico_SDK_v1.5.1/pico-sdk/src/common/pico_util/pheap.c.obj
                0x10002570                ph_remove_and_free_node
 .text.clock_configure
                0x10002668      0x108 CMakeFiles/main.dir/C_/Program_Files/Raspberry_Pi/Pico_SDK_v1.5.1/pico-sdk/src/rp2_common/hardware_clocks/clocks.c.obj
                0x10002668                clock_configure
 .text.clocks_init
                0x10002770      0x100 CMakeFiles/main.dir/C_/Program_Files/Raspberry_Pi/Pico_SDK_v1.5.1/pico-sdk/src/rp2_common/hardware_clocks/clocks.c.obj
                0x10002770                clocks_init
 .text.pll_init
                0x10002870      0x120 CMakeFiles/main.dir/C_/Program_Files/Raspberry_Pi/Pico_SDK_v1.5.1/pico-sdk/src/rp2_common/hardware_pll/pll.c.obj
                0x10002870                pll_init
 .text.watchdog_start_tick
                0x10002990       0x10 CMakeFiles/main.dir/C_/Program_Files/Raspberry_Pi/Pico_SDK_v1.5.1/pico-sdk/src/rp2_common/hardware_watchdog/watchdog.c.obj
                0x10002990                watchdog_start_tick
 .text.watchdog_update
                0x100029a0       0x14 CMakeFiles/main.dir/C_/Program_Files/Raspberry_Pi/Pico_SDK_v1.5.1/pico-sdk/src/rp2_common/hardware_watchdog/watchdog.c.obj
                0x100029a0                watchdog_update
 .text._watchdog_enable
                0x100029b4       0x78 CMakeFiles/main.dir/C_/Program_Files/Raspberry_Pi/Pico_SDK_v1.5.1/pico-sdk/src/rp2_common/hardware_watchdog/watchdog.c.obj
                0x100029b4                _watchdog_enable
 .text.watchdog_reboot
                0x10002a2c       0x48 CMakeFiles/main.dir/C_/Program_Files/Raspberry_Pi/Pico_SDK_v1.5.1/pico-sdk/src/rp2_common/hardware_watchdog/watchdog.c.obj
                0x10002a2c                watchdog_reboot
 .text.xosc_init
                0x10002a74       0x28 CMakeFiles/main.dir/C_/Program_Files/Raspberry_Pi/Pico_SDK_v1.5.1/pico-sdk/src/rp2_common/hardware_xosc/xosc.c.obj
                0x10002a74                xosc_init
 .text._exit    0x10002a9c        0x4 CMakeFiles/main.dir/C_/Program_Files/Raspberry_Pi/Pico_SDK_v1.5.1/pico-sdk/src/rp2_common/pico_runtime/runtime.c.obj
                0x10002a9c                _exit
 .text._sbrk    0x10002aa0       0x38 CMakeFiles/main.dir/C_/Program_Files/Raspberry_Pi/Pico_SDK_v1.5.1/pico-sdk/src/rp2_common/pico_runtime/runtime.c.obj
                0x10002aa0                _sbrk
 .text.exit     0x10002ad8        0x6 CMakeFiles/main.dir/C_/Program_Files/Raspberry_Pi/Pico_SDK_v1.5.1/pico-sdk/src/rp2_common/pico_runtime/runtime.c.obj
                0x10002ad8                exit
 *fill*         0x10002ade        0x2 
 .text.__assert_func
                0x10002ae0       0x3c CMakeFiles/main.dir/C_/Program_Files/Raspberry_Pi/Pico_SDK_v1.5.1/pico-sdk/src/rp2_common/pico_runtime/runtime.c.obj
                0x10002ae0                __assert_func
 .text.runtime_init
                0x10002b1c       0xf8 CMakeFiles/main.dir/C_/Program_Files/Raspberry_Pi/Pico_SDK_v1.5.1/pico-sdk/src/rp2_common/pico_runtime/runtime.c.obj
                0x10002b1c                runtime_init
 .text.panic    0x10002c14       0x30 CMakeFiles/main.dir/C_/Program_Files/Raspberry_Pi/Pico_SDK_v1.5.1/pico-sdk/src/rp2_common/pico_runtime/runtime.c.obj
                0x10002c14                panic
 .text._out_null
                0x10002c44        0x2 CMakeFiles/main.dir/C_/Program_Files/Raspberry_Pi/Pico_SDK_v1.5.1/pico-sdk/src/rp2_common/pico_printf/printf.c.obj
 .text._out_fct
                0x10002c46        0xe CMakeFiles/main.dir/C_/Program_Files/Raspberry_Pi/Pico_SDK_v1.5.1/pico-sdk/src/rp2_common/pico_printf/printf.c.obj
 .text._atoi    0x10002c54       0x24 CMakeFiles/main.dir/C_/Program_Files/Raspberry_Pi/Pico_SDK_v1.5.1/pico-sdk/src/rp2_common/pico_printf/printf.c.obj
 .text._out_rev
                0x10002c78       0xae CMakeFiles/main.dir/C_/Program_Files/Raspberry_Pi/Pico_SDK_v1.5.1/pico-sdk/src/rp2_common/pico_printf/printf.c.obj
 .text._ntoa_format
                0x10002d26      0x112 CMakeFiles/main.dir/C_/Program_Files/Raspberry_Pi/Pico_SDK_v1.5.1/pico-sdk/src/rp2_common/pico_printf/printf.c.obj
 .text._ntoa_long
                0x10002e38       0xbc CMakeFiles/main.dir/C_/Program_Files/Raspberry_Pi/Pico_SDK_v1.5.1/pico-sdk/src/rp2_common/pico_printf/printf.c.obj
 .text._ntoa_long_long
                0x10002ef4       0xe2 CMakeFiles/main.dir/C_/Program_Files/Raspberry_Pi/Pico_SDK_v1.5.1/pico-sdk/src/rp2_common/pico_printf/printf.c.obj
 *fill*         0x10002fd6        0x2 
 .text._etoa    0x10002fd8      0x414 CMakeFiles/main.dir/C_/Program_Files/Raspberry_Pi/Pico_SDK_v1.5.1/pico-sdk/src/rp2_common/pico_printf/printf.c.obj
 .text._ftoa    0x100033ec      0x354 CMakeFiles/main.dir/C_/Program_Files/Raspberry_Pi/Pico_SDK_v1.5.1/pico-sdk/src/rp2_common/pico_printf/printf.c.obj
 .text._vsnprintf
                0x10003740      0x624 CMakeFiles/main.dir/C_/Program_Files/Raspberry_Pi/Pico_SDK_v1.5.1/pico-sdk/src/rp2_common/pico_printf/printf.c.obj
 .text.vfctprintf
                0x10003d64       0x20 CMakeFiles/main.dir/C_/Program_Files/Raspberry_Pi/Pico_SDK_v1.5.1/pico-sdk/src/rp2_common/pico_printf/printf.c.obj
                0x10003d64                vfctprintf
 .text          0x10003d84       0x10 CMakeFiles/main.dir/C_/Program_Files/Raspberry_Pi/Pico_SDK_v1.5.1/pico-sdk/src/rp2_common/pico_bit_ops/bit_ops_aeabi.S.obj
 .text.rom_func_lookup
                0x10003d94       0x10 CMakeFiles/main.dir/C_/Program_Files/Raspberry_Pi/Pico_SDK_v1.5.1/pico-sdk/src/rp2_common/pico_bootrom/bootrom.c.obj
                0x10003d94                rom_func_lookup
 .text.rom_data_lookup
                0x10003da4       0x10 CMakeFiles/main.dir/C_/Program_Files/Raspberry_Pi/Pico_SDK_v1.5.1/pico-sdk/src/rp2_common/pico_bootrom/bootrom.c.obj
                0x10003da4                rom_data_lookup
 .text.rom_funcs_lookup
                0x10003db4       0x36 CMakeFiles/main.dir/C_/Program_Files/Raspberry_Pi/Pico_SDK_v1.5.1/pico-sdk/src/rp2_common/pico_bootrom/bootrom.c.obj
                0x10003db4                rom_funcs_lookup
 *fill*         0x10003dea        0x2 
 .text.__wrap___aeabi_idiv
                0x10003dec       0x50 CMakeFiles/main.dir/C_/Program_Files/Raspberry_Pi/Pico_SDK_v1.5.1/pico-sdk/src/rp2_common/pico_divider/divider.S.obj
                0x10003dec                __wrap___aeabi_idivmod
                0x10003dec                divmod_s32s32
                0x10003dec                div_s32s32
                0x10003dec                __wrap___aeabi_idiv
                0x10003df4                divmod_s32s32_unsafe
                0x10003e20                divmod_s32s32_savestate
 .text.__wrap___aeabi_uidiv
                0x10003e3c       0x4c CMakeFiles/main.dir/C_/Program_Files/Raspberry_Pi/Pico_SDK_v1.5.1/pico-sdk/src/rp2_common/pico_divider/divider.S.obj
                0x10003e3c                __wrap___aeabi_uidiv
                0x10003e3c                __wrap___aeabi_uidivmod
                0x10003e3c                div_u32u32
                0x10003e3c                divmod_u32u32
                0x10003e44                divmod_u32u32_unsafe
                0x10003e6c                divmod_u32u32_savestate
 .text.__wrap___aeabi_ldiv
                0x10003e88      0x424 CMakeFiles/main.dir/C_/Program_Files/Raspberry_Pi/Pico_SDK_v1.5.1/pico-sdk/src/rp2_common/pico_divider/divider.S.obj
                0x10003e88                div_s64s64
                0x10003e88                divmod_s64s64
                0x10003e88                __wrap___aeabi_ldivmod
                0x10003eb8                divmod_u64u64
                0x10003eb8                div_u64u64
                0x10003eb8                __wrap___aeabi_uldivmod
                0x10003ec8                divmod_u64u64_savestate
                0x10003ee8                divmod_s64s64_unsafe
                0x10003f70                divmod_u64u64_unsafe
 .text.__wrap___aeabi_darithmetic
                0x100042ac       0x80 CMakeFiles/main.dir/C_/Program_Files/Raspberry_Pi/Pico_SDK_v1.5.1/pico-sdk/src/rp2_common/pico_double/double_aeabi.S.obj
                0x100042ac                __wrap___aeabi_drsub
                0x100042b2                __wrap___aeabi_dsub
                0x100042c4                __wrap___aeabi_dadd
                0x100042d6                __wrap___aeabi_ddiv
                0x10004312                __wrap___aeabi_dmul
 .text.__wrap___aeabi_cdcmple
                0x1000432c       0x6c CMakeFiles/main.dir/C_/Program_Files/Raspberry_Pi/Pico_SDK_v1.5.1/pico-sdk/src/rp2_common/pico_double/double_aeabi.S.obj
                0x1000432c                __wrap___aeabi_cdrcmple
                0x1000433c                __wrap___aeabi_cdcmpeq
                0x1000433c                __wrap___aeabi_cdcmple
 .text.__wrap___aeabi_dcmpeq
                0x10004398       0x10 CMakeFiles/main.dir/C_/Program_Files/Raspberry_Pi/Pico_SDK_v1.5.1/pico-sdk/src/rp2_common/pico_double/double_aeabi.S.obj
                0x10004398                __wrap___aeabi_dcmpeq
 .text.__wrap___aeabi_dcmplt
                0x100043a8        0xc CMakeFiles/main.dir/C_/Program_Files/Raspberry_Pi/Pico_SDK_v1.5.1/pico-sdk/src/rp2_common/pico_double/double_aeabi.S.obj
                0x100043a8                __wrap___aeabi_dcmplt
 .text.__wrap___aeabi_dcmple
                0x100043b4       0x10 CMakeFiles/main.dir/C_/Program_Files/Raspberry_Pi/Pico_SDK_v1.5.1/pico-sdk/src/rp2_common/pico_double/double_aeabi.S.obj
                0x100043b4                __wrap___aeabi_dcmple
 .text.__wrap___aeabi_dcmpge
                0x100043c4       0x10 CMakeFiles/main.dir/C_/Program_Files/Raspberry_Pi/Pico_SDK_v1.5.1/pico-sdk/src/rp2_common/pico_double/double_aeabi.S.obj
                0x100043c4                __wrap___aeabi_dcmpge
 .text.__wrap___aeabi_dcmpgt
                0x100043d4        0xa CMakeFiles/main.dir/C_/Program_Files/Raspberry_Pi/Pico_SDK_v1.5.1/pico-sdk/src/rp2_common/pico_double/double_aeabi.S.obj
                0x100043d4                __wrap___aeabi_dcmpgt
 .text.__wrap___aeabi_dcmpun
                0x100043de       0x1c CMakeFiles/main.dir/C_/Program_Files/Raspberry_Pi/Pico_SDK_v1.5.1/pico-sdk/src/rp2_common/pico_double/double_aeabi.S.obj
                0x100043de                __wrap___aeabi_dcmpun
 *fill*         0x100043fa        0x2 
 .text.__wrap___aeabi_i2d
                0x100043fc       0x38 CMakeFiles/main.dir/C_/Program_Files/Raspberry_Pi/Pico_SDK_v1.5.1/pico-sdk/src/rp2_common/pico_double/double_aeabi.S.obj
                0x100043fc                __wrap___aeabi_ui2d
                0x10004404                __wrap___aeabi_i2d
 .text.__wrap___aeabi_d2iz
                0x10004434       0x48 CMakeFiles/main.dir/C_/Program_Files/Raspberry_Pi/Pico_SDK_v1.5.1/pico-sdk/src/rp2_common/pico_double/double_aeabi.S.obj
                0x10004434                double2int_z
                0x10004434                __wrap___aeabi_d2iz
 .text.__wrap___aeabi_d2uiz
                0x1000447c       0x18 CMakeFiles/main.dir/C_/Program_Files/Raspberry_Pi/Pico_SDK_v1.5.1/pico-sdk/src/rp2_common/pico_double/double_aeabi.S.obj
                0x1000447c                __wrap___aeabi_d2uiz
                0x1000447c                double2uint
 .text.__wrap___aeabi_l2d
                0x10004494       0x18 CMakeFiles/main.dir/C_/Program_Files/Raspberry_Pi/Pico_SDK_v1.5.1/pico-sdk/src/rp2_common/pico_double/double_aeabi.S.obj
                0x10004494                __wrap___aeabi_l2d
 .text.__wrap___aeabi_ul2d
                0x100044ac       0x18 CMakeFiles/main.dir/C_/Program_Files/Raspberry_Pi/Pico_SDK_v1.5.1/pico-sdk/src/rp2_common/pico_double/double_aeabi.S.obj
                0x100044ac                __wrap___aeabi_ul2d
 .text.__wrap___aeabi_d2lz
                0x100044c4       0x26 CMakeFiles/main.dir/C_/Program_Files/Raspberry_Pi/Pico_SDK_v1.5.1/pico-sdk/src/rp2_common/pico_double/double_aeabi.S.obj
                0x100044c4                double2int64_z
                0x100044c4                __wrap___aeabi_d2lz
 *fill*         0x100044ea        0x2 
 .text.double2int64
                0x100044ec       0x18 CMakeFiles/main.dir/C_/Program_Files/Raspberry_Pi/Pico_SDK_v1.5.1/pico-sdk/src/rp2_common/pico_double/double_aeabi.S.obj
                0x100044ec                double2int64
 .text.double2ufix64
                0x10004504       0x18 CMakeFiles/main.dir/C_/Program_Files/Raspberry_Pi/Pico_SDK_v1.5.1/pico-sdk/src/rp2_common/pico_double/double_aeabi.S.obj
                0x10004504                double2ufix64
 .text.__wrap___aeabi_d2f
                0x1000451c       0x18 CMakeFiles/main.dir/C_/Program_Files/Raspberry_Pi/Pico_SDK_v1.5.1/pico-sdk/src/rp2_common/pico_double/double_aeabi.S.obj
                0x1000451c                __wrap___aeabi_d2f
 .text.__aeabi_double_init
                0x10004534       0xc8 CMakeFiles/main.dir/C_/Program_Files/Raspberry_Pi/Pico_SDK_v1.5.1/pico-sdk/src/rp2_common/pico_double/double_init_rom.c.obj
                0x10004534                __aeabi_double_init
 .text.__wrap_floor
                0x100045fc       0x9c CMakeFiles/main.dir/C_/Program_Files/Raspberry_Pi/Pico_SDK_v1.5.1/pico-sdk/src/rp2_common/pico_double/double_math.c.obj
                0x100045fc                __wrap_floor
 .text.double_table_shim_on_use_helper
                0x10004698       0x34 CMakeFiles/main.dir/C_/Program_Files/Raspberry_Pi/Pico_SDK_v1.5.1/pico-sdk/src/rp2_common/pico_double/double_v1_rom_shim.S.obj
                0x10004698                double_table_shim_on_use_helper
 .text.__wrap___aeabi_dsub
                0x100046cc       0x10 CMakeFiles/main.dir/C_/Program_Files/Raspberry_Pi/Pico_SDK_v1.5.1/pico-sdk/src/rp2_common/pico_double/double_v1_rom_shim.S.obj
                0x100046cc                drsub_shim
                0x100046d2                dsub_shim
 .text.dadd_shim
                0x100046dc      0x15c CMakeFiles/main.dir/C_/Program_Files/Raspberry_Pi/Pico_SDK_v1.5.1/pico-sdk/src/rp2_common/pico_double/double_v1_rom_shim.S.obj
                0x100046dc                dadd_shim
 .text.dmul_shim
                0x10004838      0x15c CMakeFiles/main.dir/C_/Program_Files/Raspberry_Pi/Pico_SDK_v1.5.1/pico-sdk/src/rp2_common/pico_double/double_v1_rom_shim.S.obj
                0x10004838                dmul_shim
 .text.ddiv_shim
                0x10004994      0x1b0 CMakeFiles/main.dir/C_/Program_Files/Raspberry_Pi/Pico_SDK_v1.5.1/pico-sdk/src/rp2_common/pico_double/double_v1_rom_shim.S.obj
                0x10004994                ddiv_shim
 .text.double2uint_shim
                0x10004b44        0xe CMakeFiles/main.dir/C_/Program_Files/Raspberry_Pi/Pico_SDK_v1.5.1/pico-sdk/src/rp2_common/pico_double/double_v1_rom_shim.S.obj
                0x10004b44                double2uint_shim
                0x10004b46                double2ufix_shim
 .text.double2int64_shim
                0x10004b52       0x1a CMakeFiles/main.dir/C_/Program_Files/Raspberry_Pi/Pico_SDK_v1.5.1/pico-sdk/src/rp2_common/pico_double/double_v1_rom_shim.S.obj
                0x10004b52                double2int64_shim
                0x10004b54                double2fix64_shim
 .text.double2uint64_shim
                0x10004b6c       0x70 CMakeFiles/main.dir/C_/Program_Files/Raspberry_Pi/Pico_SDK_v1.5.1/pico-sdk/src/rp2_common/pico_double/double_v1_rom_shim.S.obj
                0x10004b6c                double2uint64_shim
                0x10004b6e                double2ufix64_shim
                0x10004b8e                d2fix_a
 .text.double2float_shim
                0x10004bdc       0x5c CMakeFiles/main.dir/C_/Program_Files/Raspberry_Pi/Pico_SDK_v1.5.1/pico-sdk/src/rp2_common/pico_double/double_v1_rom_shim.S.obj
                0x10004bdc                double2float_shim
 .text.x2double_shims
                0x10004c38       0x90 CMakeFiles/main.dir/C_/Program_Files/Raspberry_Pi/Pico_SDK_v1.5.1/pico-sdk/src/rp2_common/pico_double/double_v1_rom_shim.S.obj
                0x10004c38                uint2double_shim
                0x10004c3a                ufix2double_shim
                0x10004c40                int2double_shim
                0x10004c42                fix2double_shim
                0x10004c48                uint642double_shim
                0x10004c4a                ufix642double_shim
                0x10004c50                int642double_shim
                0x10004c52                fix642double_shim
 .text.dunpacks
                0x10004cc8       0x3c CMakeFiles/main.dir/C_/Program_Files/Raspberry_Pi/Pico_SDK_v1.5.1/pico-sdk/src/rp2_common/pico_double/double_v1_rom_shim.S.obj
                0x10004cc8                dunpacks
 .text.__aeabi_lmul
                0x10004d04       0x32 CMakeFiles/main.dir/C_/Program_Files/Raspberry_Pi/Pico_SDK_v1.5.1/pico-sdk/src/rp2_common/pico_int64_ops/pico_int64_ops_aeabi.S.obj
                0x10004d04                __wrap___aeabi_lmul
 *fill*         0x10004d36        0x2 
 .text.__wrap___aeabi_farithmetic
                0x10004d38       0x58 CMakeFiles/main.dir/C_/Program_Files/Raspberry_Pi/Pico_SDK_v1.5.1/pico-sdk/src/rp2_common/pico_float/float_aeabi.S.obj
                0x10004d38                __wrap___aeabi_frsub
                0x10004d3e                __wrap___aeabi_fsub
                0x10004d48                __wrap___aeabi_fadd
                0x10004d52                __wrap___aeabi_fdiv
                0x10004d7e                __wrap___aeabi_fmul
 .text.__wrap___aeabi_cfcmple
                0x10004d90       0x50 CMakeFiles/main.dir/C_/Program_Files/Raspberry_Pi/Pico_SDK_v1.5.1/pico-sdk/src/rp2_common/pico_float/float_aeabi.S.obj
                0x10004d90                __wrap___aeabi_cfrcmple
                0x10004d9c                __wrap___aeabi_cfcmple
                0x10004d9c                __wrap___aeabi_cfcmpeq
 .text.__wrap___aeabi_fcmplt
                0x10004de0        0xc CMakeFiles/main.dir/C_/Program_Files/Raspberry_Pi/Pico_SDK_v1.5.1/pico-sdk/src/rp2_common/pico_float/float_aeabi.S.obj
                0x10004de0                __wrap___aeabi_fcmplt
 .text.__wrap___aeabi_fcmple
                0x10004dec       0x10 CMakeFiles/main.dir/C_/Program_Files/Raspberry_Pi/Pico_SDK_v1.5.1/pico-sdk/src/rp2_common/pico_float/float_aeabi.S.obj
                0x10004dec                __wrap___aeabi_fcmple
 .text.__wrap___aeabi_fcmpge
                0x10004dfc       0x10 CMakeFiles/main.dir/C_/Program_Files/Raspberry_Pi/Pico_SDK_v1.5.1/pico-sdk/src/rp2_common/pico_float/float_aeabi.S.obj
                0x10004dfc                __wrap___aeabi_fcmpge
 .text.__wrap___aeabi_fcmpgt
                0x10004e0c        0xa CMakeFiles/main.dir/C_/Program_Files/Raspberry_Pi/Pico_SDK_v1.5.1/pico-sdk/src/rp2_common/pico_float/float_aeabi.S.obj
                0x10004e0c                __wrap___aeabi_fcmpgt
 .text.__wrap___aeabi_fcmpun
                0x10004e16       0x18 CMakeFiles/main.dir/C_/Program_Files/Raspberry_Pi/Pico_SDK_v1.5.1/pico-sdk/src/rp2_common/pico_float/float_aeabi.S.obj
                0x10004e16                __wrap___aeabi_fcmpun
 .text.__wrap___aeabi_ui2f
                0x10004e2e        0xa CMakeFiles/main.dir/C_/Program_Files/Raspberry_Pi/Pico_SDK_v1.5.1/pico-sdk/src/rp2_common/pico_float/float_aeabi.S.obj
                0x10004e2e                __wrap___aeabi_ui2f
 .text.__wrap___aeabi_i2f
                0x10004e38       0x44 CMakeFiles/main.dir/C_/Program_Files/Raspberry_Pi/Pico_SDK_v1.5.1/pico-sdk/src/rp2_common/pico_float/float_aeabi.S.obj
                0x10004e38                __wrap___aeabi_i2f
 .text.__wrap___aeabi_f2uiz
                0x10004e7c       0x10 CMakeFiles/main.dir/C_/Program_Files/Raspberry_Pi/Pico_SDK_v1.5.1/pico-sdk/src/rp2_common/pico_float/float_aeabi.S.obj
                0x10004e7c                __wrap___aeabi_f2uiz
 .text.fix2float
                0x10004e8c       0x10 CMakeFiles/main.dir/C_/Program_Files/Raspberry_Pi/Pico_SDK_v1.5.1/pico-sdk/src/rp2_common/pico_float/float_aeabi.S.obj
                0x10004e8c                fix2float
 .text.__wrap___aeabi_ul2f
                0x10004e9c       0x20 CMakeFiles/main.dir/C_/Program_Files/Raspberry_Pi/Pico_SDK_v1.5.1/pico-sdk/src/rp2_common/pico_float/float_aeabi.S.obj
                0x10004ea0                __wrap___aeabi_ul2f
 .text.__wrap___aeabi_f2d
                0x10004ebc       0x14 CMakeFiles/main.dir/C_/Program_Files/Raspberry_Pi/Pico_SDK_v1.5.1/pico-sdk/src/rp2_common/pico_float/float_aeabi.S.obj
                0x10004ebc                __wrap___aeabi_f2d
 .text.__wrap_sinf
                0x10004ed0       0x28 CMakeFiles/main.dir/C_/Program_Files/Raspberry_Pi/Pico_SDK_v1.5.1/pico-sdk/src/rp2_common/pico_float/float_aeabi.S.obj
                0x10004ed0                __wrap_sinf
 .text.__aeabi_float_init
                0x10004ef8       0xfc CMakeFiles/main.dir/C_/Program_Files/Raspberry_Pi/Pico_SDK_v1.5.1/pico-sdk/src/rp2_common/pico_float/float_init_rom.c.obj
                0x10004ef8                __aeabi_float_init
 .text.frem_0   0x10004ff4       0x80 CMakeFiles/main.dir/C_/Program_Files/Raspberry_Pi/Pico_SDK_v1.5.1/pico-sdk/src/rp2_common/pico_float/float_math.c.obj
 .text.__wrap_fmodf
                0x10005074       0x62 CMakeFiles/main.dir/C_/Program_Files/Raspberry_Pi/Pico_SDK_v1.5.1/pico-sdk/src/rp2_common/pico_float/float_math.c.obj
                0x10005074                __wrap_fmodf
 .text.__wrap_remquof
                0x100050d6       0xda CMakeFiles/main.dir/C_/Program_Files/Raspberry_Pi/Pico_SDK_v1.5.1/pico-sdk/src/rp2_common/pico_float/float_math.c.obj
                0x100050d6                __wrap_remquof
 .text.__wrap_remainderf
                0x100051b0        0xa CMakeFiles/main.dir/C_/Program_Files/Raspberry_Pi/Pico_SDK_v1.5.1/pico-sdk/src/rp2_common/pico_float/float_math.c.obj
                0x100051b0                __wrap_remainderf
 *fill*         0x100051ba        0x2 
 .text.float_table_shim_on_use_helper
                0x100051bc       0x34 CMakeFiles/main.dir/C_/Program_Files/Raspberry_Pi/Pico_SDK_v1.5.1/pico-sdk/src/rp2_common/pico_float/float_v1_rom_shim.S.obj
                0x100051bc                float_table_shim_on_use_helper
 .text.642float_shims
                0x100051f0       0x44 CMakeFiles/main.dir/C_/Program_Files/Raspberry_Pi/Pico_SDK_v1.5.1/pico-sdk/src/rp2_common/pico_float/float_v1_rom_shim.S.obj
                0x100051f0                uint642float_shim
                0x100051f2                ufix642float_shim
                0x10005202                int642float_shim
                0x10005204                fix642float_shim
 .text.float2double_shim
                0x10005234       0x30 CMakeFiles/main.dir/C_/Program_Files/Raspberry_Pi/Pico_SDK_v1.5.1/pico-sdk/src/rp2_common/pico_float/float_v1_rom_shim.S.obj
                0x10005234                float2double_shim
 .text          0x10005264       0x10 CMakeFiles/main.dir/C_/Program_Files/Raspberry_Pi/Pico_SDK_v1.5.1/pico-sdk/src/rp2_common/pico_mem_ops/mem_ops_aeabi.S.obj
                0x10005264                __aeabi_mem_init
 .text.memset   0x10005274        0xc CMakeFiles/main.dir/C_/Program_Files/Raspberry_Pi/Pico_SDK_v1.5.1/pico-sdk/src/rp2_common/pico_mem_ops/mem_ops_aeabi.S.obj
                0x10005274                __wrap_memset
 .text.memcpy   0x10005280        0xc CMakeFiles/main.dir/C_/Program_Files/Raspberry_Pi/Pico_SDK_v1.5.1/pico-sdk/src/rp2_common/pico_mem_ops/mem_ops_aeabi.S.obj
                0x10005280                __wrap_memcpy
                0x10005280                __wrap___aeabi_memcpy
 .text.stdio_out_chars_no_crlf
                0x1000528c        0xe CMakeFiles/main.dir/C_/Program_Files/Raspberry_Pi/Pico_SDK_v1.5.1/pico-sdk/src/rp2_common/pico_stdio/stdio.c.obj
 *fill*         0x1000529a        0x2 
 .text.stdio_out_chars_crlf
                0x1000529c       0x80 CMakeFiles/main.dir/C_/Program_Files/Raspberry_Pi/Pico_SDK_v1.5.1/pico-sdk/src/rp2_common/pico_stdio/stdio.c.obj
 .text.stdio_stack_buffer_flush
                0x1000531c       0x44 CMakeFiles/main.dir/C_/Program_Files/Raspberry_Pi/Pico_SDK_v1.5.1/pico-sdk/src/rp2_common/pico_stdio/stdio.c.obj
 .text.stdio_buffered_printer
                0x10005360       0x20 CMakeFiles/main.dir/C_/Program_Files/Raspberry_Pi/Pico_SDK_v1.5.1/pico-sdk/src/rp2_common/pico_stdio/stdio.c.obj
 .text.stdout_serialize_begin
                0x10005380       0x5c CMakeFiles/main.dir/C_/Program_Files/Raspberry_Pi/Pico_SDK_v1.5.1/pico-sdk/src/rp2_common/pico_stdio/stdio.c.obj
                0x10005380                stdout_serialize_begin
 .text.stdout_serialize_end
                0x100053dc       0x10 CMakeFiles/main.dir/C_/Program_Files/Raspberry_Pi/Pico_SDK_v1.5.1/pico-sdk/src/rp2_common/pico_stdio/stdio.c.obj
                0x100053dc                stdout_serialize_end
 .text.stdio_put_string
                0x100053ec       0x98 CMakeFiles/main.dir/C_/Program_Files/Raspberry_Pi/Pico_SDK_v1.5.1/pico-sdk/src/rp2_common/pico_stdio/stdio.c.obj
 .text.__wrap_putchar
                0x10005484       0x1c CMakeFiles/main.dir/C_/Program_Files/Raspberry_Pi/Pico_SDK_v1.5.1/pico-sdk/src/rp2_common/pico_stdio/stdio.c.obj
                0x10005484                __wrap_putchar
 .text.stdio_set_driver_enabled
                0x100054a0       0x2c CMakeFiles/main.dir/C_/Program_Files/Raspberry_Pi/Pico_SDK_v1.5.1/pico-sdk/src/rp2_common/pico_stdio/stdio.c.obj
                0x100054a0                stdio_set_driver_enabled
 .text.stdio_flush
                0x100054cc       0x20 CMakeFiles/main.dir/C_/Program_Files/Raspberry_Pi/Pico_SDK_v1.5.1/pico-sdk/src/rp2_common/pico_stdio/stdio.c.obj
                0x100054cc                stdio_flush
 .text.__wrap_puts
                0x100054ec       0x1e CMakeFiles/main.dir/C_/Program_Files/Raspberry_Pi/Pico_SDK_v1.5.1/pico-sdk/src/rp2_common/pico_stdio/stdio.c.obj
                0x100054ec                __wrap_puts
 *fill*         0x1000550a        0x2 
 .text.__wrap_vprintf
                0x1000550c       0x40 CMakeFiles/main.dir/C_/Program_Files/Raspberry_Pi/Pico_SDK_v1.5.1/pico-sdk/src/rp2_common/pico_stdio/stdio.c.obj
                0x1000550c                __wrap_vprintf
 .text.__wrap_printf
                0x1000554c       0x18 CMakeFiles/main.dir/C_/Program_Files/Raspberry_Pi/Pico_SDK_v1.5.1/pico-sdk/src/rp2_common/pico_stdio/stdio.c.obj
                0x1000554c                __wrap_printf
 .text.stdio_init_all
                0x10005564        0x8 CMakeFiles/main.dir/C_/Program_Files/Raspberry_Pi/Pico_SDK_v1.5.1/pico-sdk/src/rp2_common/pico_stdio/stdio.c.obj
                0x10005564                stdio_init_all
 .text.resetd_init
                0x1000556c        0x2 CMakeFiles/main.dir/C_/Program_Files/Raspberry_Pi/Pico_SDK_v1.5.1/pico-sdk/src/rp2_common/pico_stdio_usb/reset_interface.c.obj
 *fill*         0x1000556e        0x2 
 .text.resetd_reset
                0x10005570        0xc CMakeFiles/main.dir/C_/Program_Files/Raspberry_Pi/Pico_SDK_v1.5.1/pico-sdk/src/rp2_common/pico_stdio_usb/reset_interface.c.obj
 .text.resetd_open
                0x1000557c       0x34 CMakeFiles/main.dir/C_/Program_Files/Raspberry_Pi/Pico_SDK_v1.5.1/pico-sdk/src/rp2_common/pico_stdio_usb/reset_interface.c.obj
 .text.resetd_xfer_cb
                0x100055b0        0x4 CMakeFiles/main.dir/C_/Program_Files/Raspberry_Pi/Pico_SDK_v1.5.1/pico-sdk/src/rp2_common/pico_stdio_usb/reset_interface.c.obj
 .text.reset_usb_boot
                0x100055b4       0x18 CMakeFiles/main.dir/C_/Program_Files/Raspberry_Pi/Pico_SDK_v1.5.1/pico-sdk/src/rp2_common/pico_stdio_usb/reset_interface.c.obj
 .text.resetd_control_xfer_cb
                0x100055cc       0x5c CMakeFiles/main.dir/C_/Program_Files/Raspberry_Pi/Pico_SDK_v1.5.1/pico-sdk/src/rp2_common/pico_stdio_usb/reset_interface.c.obj
 .text.usbd_app_driver_get_cb
                0x10005628        0xc CMakeFiles/main.dir/C_/Program_Files/Raspberry_Pi/Pico_SDK_v1.5.1/pico-sdk/src/rp2_common/pico_stdio_usb/reset_interface.c.obj
                0x10005628                usbd_app_driver_get_cb
 .text.tud_cdc_line_coding_cb
                0x10005634       0x28 CMakeFiles/main.dir/C_/Program_Files/Raspberry_Pi/Pico_SDK_v1.5.1/pico-sdk/src/rp2_common/pico_stdio_usb/reset_interface.c.obj
                0x10005634                tud_cdc_line_coding_cb
 .text.stdio_usb_set_chars_available_callback
                0x1000565c       0x14 CMakeFiles/main.dir/C_/Program_Files/Raspberry_Pi/Pico_SDK_v1.5.1/pico-sdk/src/rp2_common/pico_stdio_usb/stdio_usb.c.obj
                0x1000565c                stdio_usb_set_chars_available_callback
 .text.usb_irq  0x10005670       0x10 CMakeFiles/main.dir/C_/Program_Files/Raspberry_Pi/Pico_SDK_v1.5.1/pico-sdk/src/rp2_common/pico_stdio_usb/stdio_usb.c.obj
 .text.timer_task
                0x10005680       0x5c CMakeFiles/main.dir/C_/Program_Files/Raspberry_Pi/Pico_SDK_v1.5.1/pico-sdk/src/rp2_common/pico_stdio_usb/stdio_usb.c.obj
 .text.low_priority_worker_irq
                0x100056dc       0xdc CMakeFiles/main.dir/C_/Program_Files/Raspberry_Pi/Pico_SDK_v1.5.1/pico-sdk/src/rp2_common/pico_stdio_usb/stdio_usb.c.obj
 .text.tud_cdc_rx_cb
                0x100057b8       0x20 CMakeFiles/main.dir/C_/Program_Files/Raspberry_Pi/Pico_SDK_v1.5.1/pico-sdk/src/rp2_common/pico_stdio_usb/stdio_usb.c.obj
                0x100057b8                tud_cdc_rx_cb
 .text.stdio_usb_init
                0x100057d8      0x11c CMakeFiles/main.dir/C_/Program_Files/Raspberry_Pi/Pico_SDK_v1.5.1/pico-sdk/src/rp2_common/pico_stdio_usb/stdio_usb.c.obj
                0x100057d8                stdio_usb_init
 .text.stdio_usb_connected
                0x100058f4        0xa CMakeFiles/main.dir/C_/Program_Files/Raspberry_Pi/Pico_SDK_v1.5.1/pico-sdk/src/rp2_common/pico_stdio_usb/stdio_usb.c.obj
                0x100058f4                stdio_usb_connected
 *fill*         0x100058fe        0x2 
 .text.stdio_usb_in_chars
                0x10005900       0xc4 CMakeFiles/main.dir/C_/Program_Files/Raspberry_Pi/Pico_SDK_v1.5.1/pico-sdk/src/rp2_common/pico_stdio_usb/stdio_usb.c.obj
                0x10005900                stdio_usb_in_chars
 .text.stdio_usb_out_chars
                0x100059c4      0x114 CMakeFiles/main.dir/C_/Program_Files/Raspberry_Pi/Pico_SDK_v1.5.1/pico-sdk/src/rp2_common/pico_stdio_usb/stdio_usb.c.obj
 .text.tud_descriptor_device_cb
                0x10005ad8        0x8 CMakeFiles/main.dir/C_/Program_Files/Raspberry_Pi/Pico_SDK_v1.5.1/pico-sdk/src/rp2_common/pico_stdio_usb/stdio_usb_descriptors.c.obj
                0x10005ad8                tud_descriptor_device_cb
 .text.tud_descriptor_configuration_cb
                0x10005ae0        0x8 CMakeFiles/main.dir/C_/Program_Files/Raspberry_Pi/Pico_SDK_v1.5.1/pico-sdk/src/rp2_common/pico_stdio_usb/stdio_usb_descriptors.c.obj
                0x10005ae0                tud_descriptor_configuration_cb
 .text.tud_descriptor_string_cb
                0x10005ae8       0x6c CMakeFiles/main.dir/C_/Program_Files/Raspberry_Pi/Pico_SDK_v1.5.1/pico-sdk/src/rp2_common/pico_stdio_usb/stdio_usb_descriptors.c.obj
                0x10005ae8                tud_descriptor_string_cb
 .text._retrieve_unique_id_on_boot
                0x10005b54       0x10 CMakeFiles/main.dir/C_/Program_Files/Raspberry_Pi/Pico_SDK_v1.5.1/pico-sdk/src/rp2_common/pico_unique_id/unique_id.c.obj
 .text.pico_get_unique_board_id_string
                0x10005b64       0x60 CMakeFiles/main.dir/C_/Program_Files/Raspberry_Pi/Pico_SDK_v1.5.1/pico-sdk/src/rp2_common/pico_unique_id/unique_id.c.obj
                0x10005b64                pico_get_unique_board_id_string
 .text.flash_get_unique_id
                0x10005bc4       0x46 CMakeFiles/main.dir/C_/Program_Files/Raspberry_Pi/Pico_SDK_v1.5.1/pico-sdk/src/rp2_common/hardware_flash/flash.c.obj
                0x10005bc4                flash_get_unique_id
 *fill*         0x10005c0a        0x2 
 .text.hw_endpoint_get_by_addr
                0x10005c0c       0x18 CMakeFiles/main.dir/C_/Program_Files/Raspberry_Pi/Pico_SDK_v1.5.1/pico-sdk/lib/tinyusb/src/portable/raspberrypi/rp2040/dcd_rp2040.c.obj
 .text._hw_endpoint_alloc
                0x10005c24       0x70 CMakeFiles/main.dir/C_/Program_Files/Raspberry_Pi/Pico_SDK_v1.5.1/pico-sdk/lib/tinyusb/src/portable/raspberrypi/rp2040/dcd_rp2040.c.obj
 .text.hw_endpoint_init
                0x10005c94       0x88 CMakeFiles/main.dir/C_/Program_Files/Raspberry_Pi/Pico_SDK_v1.5.1/pico-sdk/lib/tinyusb/src/portable/raspberrypi/rp2040/dcd_rp2040.c.obj
 .text.hw_endpoint_xfer
                0x10005d1c       0x14 CMakeFiles/main.dir/C_/Program_Files/Raspberry_Pi/Pico_SDK_v1.5.1/pico-sdk/lib/tinyusb/src/portable/raspberrypi/rp2040/dcd_rp2040.c.obj
 .text.dcd_int_enable
                0x10005d30       0x2c CMakeFiles/main.dir/C_/Program_Files/Raspberry_Pi/Pico_SDK_v1.5.1/pico-sdk/lib/tinyusb/src/portable/raspberrypi/rp2040/dcd_rp2040.c.obj
                0x10005d30                dcd_int_enable
 .text.dcd_set_address
                0x10005d5c       0x2c CMakeFiles/main.dir/C_/Program_Files/Raspberry_Pi/Pico_SDK_v1.5.1/pico-sdk/lib/tinyusb/src/portable/raspberrypi/rp2040/dcd_rp2040.c.obj
                0x10005d5c                dcd_set_address
 .text.dcd_connect
                0x10005d88       0x10 CMakeFiles/main.dir/C_/Program_Files/Raspberry_Pi/Pico_SDK_v1.5.1/pico-sdk/lib/tinyusb/src/portable/raspberrypi/rp2040/dcd_rp2040.c.obj
                0x10005d88                dcd_connect
 .text.dcd_init
                0x10005d98       0x80 CMakeFiles/main.dir/C_/Program_Files/Raspberry_Pi/Pico_SDK_v1.5.1/pico-sdk/lib/tinyusb/src/portable/raspberrypi/rp2040/dcd_rp2040.c.obj
                0x10005d98                dcd_init
 .text.dcd_edpt0_status_complete
                0x10005e18       0x1c CMakeFiles/main.dir/C_/Program_Files/Raspberry_Pi/Pico_SDK_v1.5.1/pico-sdk/lib/tinyusb/src/portable/raspberrypi/rp2040/dcd_rp2040.c.obj
                0x10005e18                dcd_edpt0_status_complete
 .text.dcd_edpt_open
                0x10005e34       0x40 CMakeFiles/main.dir/C_/Program_Files/Raspberry_Pi/Pico_SDK_v1.5.1/pico-sdk/lib/tinyusb/src/portable/raspberrypi/rp2040/dcd_rp2040.c.obj
                0x10005e34                dcd_edpt_open
 .text.dcd_edpt_close_all
                0x10005e74        0x8 CMakeFiles/main.dir/C_/Program_Files/Raspberry_Pi/Pico_SDK_v1.5.1/pico-sdk/lib/tinyusb/src/portable/raspberrypi/rp2040/dcd_rp2040.c.obj
                0x10005e74                dcd_edpt_close_all
 .text.dcd_edpt_xfer
                0x10005e7c       0x34 CMakeFiles/main.dir/C_/Program_Files/Raspberry_Pi/Pico_SDK_v1.5.1/pico-sdk/lib/tinyusb/src/portable/raspberrypi/rp2040/dcd_rp2040.c.obj
                0x10005e7c                dcd_edpt_xfer
 .text.dcd_edpt_stall
                0x10005eb0       0x2c CMakeFiles/main.dir/C_/Program_Files/Raspberry_Pi/Pico_SDK_v1.5.1/pico-sdk/lib/tinyusb/src/portable/raspberrypi/rp2040/dcd_rp2040.c.obj
                0x10005eb0                dcd_edpt_stall
 .text.dcd_edpt_clear_stall
                0x10005edc       0x20 CMakeFiles/main.dir/C_/Program_Files/Raspberry_Pi/Pico_SDK_v1.5.1/pico-sdk/lib/tinyusb/src/portable/raspberrypi/rp2040/dcd_rp2040.c.obj
                0x10005edc                dcd_edpt_clear_stall
 .text.rp2040_usb_init
                0x10005efc       0x4c CMakeFiles/main.dir/C_/Program_Files/Raspberry_Pi/Pico_SDK_v1.5.1/pico-sdk/lib/tinyusb/src/portable/raspberrypi/rp2040/rp2040_usb.c.obj
                0x10005efc                rp2040_usb_init
 .text.hw_endpoint_xfer_start
                0x10005f48       0x50 CMakeFiles/main.dir/C_/Program_Files/Raspberry_Pi/Pico_SDK_v1.5.1/pico-sdk/lib/tinyusb/src/portable/raspberrypi/rp2040/rp2040_usb.c.obj
                0x10005f48                hw_endpoint_xfer_start
 .text.configuration_reset
                0x10005f98       0x84 CMakeFiles/main.dir/C_/Program_Files/Raspberry_Pi/Pico_SDK_v1.5.1/pico-sdk/lib/tinyusb/src/device/usbd.c.obj
 .text.usbd_reset
                0x1000601c        0xc CMakeFiles/main.dir/C_/Program_Files/Raspberry_Pi/Pico_SDK_v1.5.1/pico-sdk/lib/tinyusb/src/device/usbd.c.obj
 .text.invoke_class_control
                0x10006028       0x1a CMakeFiles/main.dir/C_/Program_Files/Raspberry_Pi/Pico_SDK_v1.5.1/pico-sdk/lib/tinyusb/src/device/usbd.c.obj
 *fill*         0x10006042        0x2 
 .text.process_set_config
                0x10006044      0x178 CMakeFiles/main.dir/C_/Program_Files/Raspberry_Pi/Pico_SDK_v1.5.1/pico-sdk/lib/tinyusb/src/device/usbd.c.obj
 .text.process_get_descriptor
                0x100061bc       0xdc CMakeFiles/main.dir/C_/Program_Files/Raspberry_Pi/Pico_SDK_v1.5.1/pico-sdk/lib/tinyusb/src/device/usbd.c.obj
 .text.tud_mounted
                0x10006298       0x10 CMakeFiles/main.dir/C_/Program_Files/Raspberry_Pi/Pico_SDK_v1.5.1/pico-sdk/lib/tinyusb/src/device/usbd.c.obj
                0x10006298                tud_mounted
 .text.tud_suspended
                0x100062a8       0x10 CMakeFiles/main.dir/C_/Program_Files/Raspberry_Pi/Pico_SDK_v1.5.1/pico-sdk/lib/tinyusb/src/device/usbd.c.obj
                0x100062a8                tud_suspended
 .text.tud_inited
                0x100062b8       0x14 CMakeFiles/main.dir/C_/Program_Files/Raspberry_Pi/Pico_SDK_v1.5.1/pico-sdk/lib/tinyusb/src/device/usbd.c.obj
                0x100062b8                tud_inited
 .text.tud_init
                0x100062cc       0xcc CMakeFiles/main.dir/C_/Program_Files/Raspberry_Pi/Pico_SDK_v1.5.1/pico-sdk/lib/tinyusb/src/device/usbd.c.obj
                0x100062cc                tud_init
 .text.usbd_defer_func
                0x10006398       0x2a CMakeFiles/main.dir/C_/Program_Files/Raspberry_Pi/Pico_SDK_v1.5.1/pico-sdk/lib/tinyusb/src/device/usbd.c.obj
                0x10006398                usbd_defer_func
 *fill*         0x100063c2        0x2 
 .text.usbd_edpt_open
                0x100063c4       0x34 CMakeFiles/main.dir/C_/Program_Files/Raspberry_Pi/Pico_SDK_v1.5.1/pico-sdk/lib/tinyusb/src/device/usbd.c.obj
                0x100063c4                usbd_edpt_open
 .text.usbd_open_edpt_pair
                0x100063f8       0x62 CMakeFiles/main.dir/C_/Program_Files/Raspberry_Pi/Pico_SDK_v1.5.1/pico-sdk/lib/tinyusb/src/device/usbd.c.obj
                0x100063f8                usbd_open_edpt_pair
 *fill*         0x1000645a        0x2 
 .text.usbd_edpt_claim
                0x1000645c       0x28 CMakeFiles/main.dir/C_/Program_Files/Raspberry_Pi/Pico_SDK_v1.5.1/pico-sdk/lib/tinyusb/src/device/usbd.c.obj
                0x1000645c                usbd_edpt_claim
 .text.usbd_edpt_release
                0x10006484       0x28 CMakeFiles/main.dir/C_/Program_Files/Raspberry_Pi/Pico_SDK_v1.5.1/pico-sdk/lib/tinyusb/src/device/usbd.c.obj
                0x10006484                usbd_edpt_release
 .text.usbd_edpt_xfer
                0x100064ac       0x78 CMakeFiles/main.dir/C_/Program_Files/Raspberry_Pi/Pico_SDK_v1.5.1/pico-sdk/lib/tinyusb/src/device/usbd.c.obj
                0x100064ac                usbd_edpt_xfer
 .text.usbd_edpt_stall
                0x10006524       0x48 CMakeFiles/main.dir/C_/Program_Files/Raspberry_Pi/Pico_SDK_v1.5.1/pico-sdk/lib/tinyusb/src/device/usbd.c.obj
                0x10006524                usbd_edpt_stall
 .text.usbd_edpt_clear_stall
                0x1000656c       0x48 CMakeFiles/main.dir/C_/Program_Files/Raspberry_Pi/Pico_SDK_v1.5.1/pico-sdk/lib/tinyusb/src/device/usbd.c.obj
                0x1000656c                usbd_edpt_clear_stall
 .text.usbd_edpt_stalled
                0x100065b4       0x1c CMakeFiles/main.dir/C_/Program_Files/Raspberry_Pi/Pico_SDK_v1.5.1/pico-sdk/lib/tinyusb/src/device/usbd.c.obj
                0x100065b4                usbd_edpt_stalled
 .text.process_control_request
                0x100065d0      0x37c CMakeFiles/main.dir/C_/Program_Files/Raspberry_Pi/Pico_SDK_v1.5.1/pico-sdk/lib/tinyusb/src/device/usbd.c.obj
 .text.tud_task_ext
                0x1000694c      0x1b8 CMakeFiles/main.dir/C_/Program_Files/Raspberry_Pi/Pico_SDK_v1.5.1/pico-sdk/lib/tinyusb/src/device/usbd.c.obj
                0x1000694c                tud_task_ext
 .text._data_stage_xact
                0x10006b04       0x58 CMakeFiles/main.dir/C_/Program_Files/Raspberry_Pi/Pico_SDK_v1.5.1/pico-sdk/lib/tinyusb/src/device/usbd_control.c.obj
 .text.tud_control_status
                0x10006b5c       0x38 CMakeFiles/main.dir/C_/Program_Files/Raspberry_Pi/Pico_SDK_v1.5.1/pico-sdk/lib/tinyusb/src/device/usbd_control.c.obj
                0x10006b5c                tud_control_status
 .text.tud_control_xfer
                0x10006b94       0x74 CMakeFiles/main.dir/C_/Program_Files/Raspberry_Pi/Pico_SDK_v1.5.1/pico-sdk/lib/tinyusb/src/device/usbd_control.c.obj
                0x10006b94                tud_control_xfer
 .text.usbd_control_reset
                0x10006c08       0x14 CMakeFiles/main.dir/C_/Program_Files/Raspberry_Pi/Pico_SDK_v1.5.1/pico-sdk/lib/tinyusb/src/device/usbd_control.c.obj
                0x10006c08                usbd_control_reset
 .text.usbd_control_set_complete_callback
                0x10006c1c        0xc CMakeFiles/main.dir/C_/Program_Files/Raspberry_Pi/Pico_SDK_v1.5.1/pico-sdk/lib/tinyusb/src/device/usbd_control.c.obj
                0x10006c1c                usbd_control_set_complete_callback
 .text.usbd_control_set_request
                0x10006c28       0x1c CMakeFiles/main.dir/C_/Program_Files/Raspberry_Pi/Pico_SDK_v1.5.1/pico-sdk/lib/tinyusb/src/device/usbd_control.c.obj
                0x10006c28                usbd_control_set_request
 .text.usbd_control_xfer_cb
                0x10006c44       0xcc CMakeFiles/main.dir/C_/Program_Files/Raspberry_Pi/Pico_SDK_v1.5.1/pico-sdk/lib/tinyusb/src/device/usbd_control.c.obj
                0x10006c44                usbd_control_xfer_cb
 .text._prep_out_transaction
                0x10006d10       0x4a CMakeFiles/main.dir/C_/Program_Files/Raspberry_Pi/Pico_SDK_v1.5.1/pico-sdk/lib/tinyusb/src/class/cdc/cdc_device.c.obj
 *fill*         0x10006d5a        0x2 
 .text.tud_cdc_n_connected
                0x10006d5c       0x44 CMakeFiles/main.dir/C_/Program_Files/Raspberry_Pi/Pico_SDK_v1.5.1/pico-sdk/lib/tinyusb/src/class/cdc/cdc_device.c.obj
                0x10006d5c                tud_cdc_n_connected
 .text.tud_cdc_n_available
                0x10006da0       0x18 CMakeFiles/main.dir/C_/Program_Files/Raspberry_Pi/Pico_SDK_v1.5.1/pico-sdk/lib/tinyusb/src/class/cdc/cdc_device.c.obj
                0x10006da0                tud_cdc_n_available
 .text.tud_cdc_n_read
                0x10006db8       0x28 CMakeFiles/main.dir/C_/Program_Files/Raspberry_Pi/Pico_SDK_v1.5.1/pico-sdk/lib/tinyusb/src/class/cdc/cdc_device.c.obj
                0x10006db8                tud_cdc_n_read
 .text.tud_cdc_n_write_flush
                0x10006de0       0xb8 CMakeFiles/main.dir/C_/Program_Files/Raspberry_Pi/Pico_SDK_v1.5.1/pico-sdk/lib/tinyusb/src/class/cdc/cdc_device.c.obj
                0x10006de0                tud_cdc_n_write_flush
 .text.tud_cdc_n_write
                0x10006e98       0x38 CMakeFiles/main.dir/C_/Program_Files/Raspberry_Pi/Pico_SDK_v1.5.1/pico-sdk/lib/tinyusb/src/class/cdc/cdc_device.c.obj
                0x10006e98                tud_cdc_n_write
 .text.tud_cdc_n_write_available
                0x10006ed0       0x1c CMakeFiles/main.dir/C_/Program_Files/Raspberry_Pi/Pico_SDK_v1.5.1/pico-sdk/lib/tinyusb/src/class/cdc/cdc_device.c.obj
                0x10006ed0                tud_cdc_n_write_available
 .text.cdcd_init
                0x10006eec       0xbc CMakeFiles/main.dir/C_/Program_Files/Raspberry_Pi/Pico_SDK_v1.5.1/pico-sdk/lib/tinyusb/src/class/cdc/cdc_device.c.obj
                0x10006eec                cdcd_init
 .text.cdcd_reset
                0x10006fa8       0x44 CMakeFiles/main.dir/C_/Program_Files/Raspberry_Pi/Pico_SDK_v1.5.1/pico-sdk/lib/tinyusb/src/class/cdc/cdc_device.c.obj
                0x10006fa8                cdcd_reset
 .text.cdcd_open
                0x10006fec       0xcc CMakeFiles/main.dir/C_/Program_Files/Raspberry_Pi/Pico_SDK_v1.5.1/pico-sdk/lib/tinyusb/src/class/cdc/cdc_device.c.obj
                0x10006fec                cdcd_open
 .text.cdcd_control_xfer_cb
                0x100070b8      0x134 CMakeFiles/main.dir/C_/Program_Files/Raspberry_Pi/Pico_SDK_v1.5.1/pico-sdk/lib/tinyusb/src/class/cdc/cdc_device.c.obj
                0x100070b8                cdcd_control_xfer_cb
 .text.cdcd_xfer_cb
                0x100071ec      0x130 CMakeFiles/main.dir/C_/Program_Files/Raspberry_Pi/Pico_SDK_v1.5.1/pico-sdk/lib/tinyusb/src/class/cdc/cdc_device.c.obj
                0x100071ec                cdcd_xfer_cb
 .text.tusb_init
                0x1000731c        0xa CMakeFiles/main.dir/C_/Program_Files/Raspberry_Pi/Pico_SDK_v1.5.1/pico-sdk/lib/tinyusb/src/tusb.c.obj
                0x1000731c                tusb_init
 .text.tusb_inited
                0x10007326        0xe CMakeFiles/main.dir/C_/Program_Files/Raspberry_Pi/Pico_SDK_v1.5.1/pico-sdk/lib/tinyusb/src/tusb.c.obj
                0x10007326                tusb_inited
 .text.tu_edpt_claim
                0x10007334       0x50 CMakeFiles/main.dir/C_/Program_Files/Raspberry_Pi/Pico_SDK_v1.5.1/pico-sdk/lib/tinyusb/src/tusb.c.obj
                0x10007334                tu_edpt_claim
 .text.tu_edpt_release
                0x10007384       0x3c CMakeFiles/main.dir/C_/Program_Files/Raspberry_Pi/Pico_SDK_v1.5.1/pico-sdk/lib/tinyusb/src/tusb.c.obj
                0x10007384                tu_edpt_release
 .text.tu_edpt_validate
                0x100073c0       0x78 CMakeFiles/main.dir/C_/Program_Files/Raspberry_Pi/Pico_SDK_v1.5.1/pico-sdk/lib/tinyusb/src/tusb.c.obj
                0x100073c0                tu_edpt_validate
 .text.tu_edpt_bind_driver
                0x10007438       0x26 CMakeFiles/main.dir/C_/Program_Files/Raspberry_Pi/Pico_SDK_v1.5.1/pico-sdk/lib/tinyusb/src/tusb.c.obj
                0x10007438                tu_edpt_bind_driver
 .text.advance_index
                0x1000745e       0x1a CMakeFiles/main.dir/C_/Program_Files/Raspberry_Pi/Pico_SDK_v1.5.1/pico-sdk/lib/tinyusb/src/common/tusb_fifo.c.obj
 .text._tu_fifo_peek
                0x10007478       0x56 CMakeFiles/main.dir/C_/Program_Files/Raspberry_Pi/Pico_SDK_v1.5.1/pico-sdk/lib/tinyusb/src/common/tusb_fifo.c.obj
 .text._ff_pull_const_addr
                0x100074ce       0x4c CMakeFiles/main.dir/C_/Program_Files/Raspberry_Pi/Pico_SDK_v1.5.1/pico-sdk/lib/tinyusb/src/common/tusb_fifo.c.obj
 .text._ff_pull_n
                0x1000751a      0x110 CMakeFiles/main.dir/C_/Program_Files/Raspberry_Pi/Pico_SDK_v1.5.1/pico-sdk/lib/tinyusb/src/common/tusb_fifo.c.obj
 .text._tu_fifo_peek_n
                0x1000762a       0x6a CMakeFiles/main.dir/C_/Program_Files/Raspberry_Pi/Pico_SDK_v1.5.1/pico-sdk/lib/tinyusb/src/common/tusb_fifo.c.obj
 .text._tu_fifo_read_n
                0x10007694       0x4e CMakeFiles/main.dir/C_/Program_Files/Raspberry_Pi/Pico_SDK_v1.5.1/pico-sdk/lib/tinyusb/src/common/tusb_fifo.c.obj
 .text._ff_push_const_addr
                0x100076e2       0x40 CMakeFiles/main.dir/C_/Program_Files/Raspberry_Pi/Pico_SDK_v1.5.1/pico-sdk/lib/tinyusb/src/common/tusb_fifo.c.obj
 .text._ff_push_n
                0x10007722      0x10c CMakeFiles/main.dir/C_/Program_Files/Raspberry_Pi/Pico_SDK_v1.5.1/pico-sdk/lib/tinyusb/src/common/tusb_fifo.c.obj
 .text._tu_fifo_write_n
                0x1000782e       0xf0 CMakeFiles/main.dir/C_/Program_Files/Raspberry_Pi/Pico_SDK_v1.5.1/pico-sdk/lib/tinyusb/src/common/tusb_fifo.c.obj
 .text.tu_fifo_config
                0x1000791e       0x7c CMakeFiles/main.dir/C_/Program_Files/Raspberry_Pi/Pico_SDK_v1.5.1/pico-sdk/lib/tinyusb/src/common/tusb_fifo.c.obj
                0x1000791e                tu_fifo_config
 .text.tu_fifo_count
                0x1000799a       0x2a CMakeFiles/main.dir/C_/Program_Files/Raspberry_Pi/Pico_SDK_v1.5.1/pico-sdk/lib/tinyusb/src/common/tusb_fifo.c.obj
                0x1000799a                tu_fifo_count
 .text.tu_fifo_empty
                0x100079c4       0x10 CMakeFiles/main.dir/C_/Program_Files/Raspberry_Pi/Pico_SDK_v1.5.1/pico-sdk/lib/tinyusb/src/common/tusb_fifo.c.obj
                0x100079c4                tu_fifo_empty
 .text.tu_fifo_full
                0x100079d4       0x28 CMakeFiles/main.dir/C_/Program_Files/Raspberry_Pi/Pico_SDK_v1.5.1/pico-sdk/lib/tinyusb/src/common/tusb_fifo.c.obj
                0x100079d4                tu_fifo_full
 .text.tu_fifo_remaining
                0x100079fc       0x2c CMakeFiles/main.dir/C_/Program_Files/Raspberry_Pi/Pico_SDK_v1.5.1/pico-sdk/lib/tinyusb/src/common/tusb_fifo.c.obj
                0x100079fc                tu_fifo_remaining
 .text.tu_fifo_read
                0x10007a28       0x42 CMakeFiles/main.dir/C_/Program_Files/Raspberry_Pi/Pico_SDK_v1.5.1/pico-sdk/lib/tinyusb/src/common/tusb_fifo.c.obj
                0x10007a28                tu_fifo_read
 .text.tu_fifo_read_n
                0x10007a6a        0xa CMakeFiles/main.dir/C_/Program_Files/Raspberry_Pi/Pico_SDK_v1.5.1/pico-sdk/lib/tinyusb/src/common/tusb_fifo.c.obj
                0x10007a6a                tu_fifo_read_n
 .text.tu_fifo_write
                0x10007a74       0x64 CMakeFiles/main.dir/C_/Program_Files/Raspberry_Pi/Pico_SDK_v1.5.1/pico-sdk/lib/tinyusb/src/common/tusb_fifo.c.obj
                0x10007a74                tu_fifo_write
 .text.tu_fifo_write_n
                0x10007ad8        0xa CMakeFiles/main.dir/C_/Program_Files/Raspberry_Pi/Pico_SDK_v1.5.1/pico-sdk/lib/tinyusb/src/common/tusb_fifo.c.obj
                0x10007ad8                tu_fifo_write_n
 .text.tu_fifo_clear
                0x10007ae2       0x3e CMakeFiles/main.dir/C_/Program_Files/Raspberry_Pi/Pico_SDK_v1.5.1/pico-sdk/lib/tinyusb/src/common/tusb_fifo.c.obj
                0x10007ae2                tu_fifo_clear
 .text.tu_fifo_set_overwritable
                0x10007b20       0x46 CMakeFiles/main.dir/C_/Program_Files/Raspberry_Pi/Pico_SDK_v1.5.1/pico-sdk/lib/tinyusb/src/common/tusb_fifo.c.obj
                0x10007b20                tu_fifo_set_overwritable
 *fill*         0x10007b66        0x2 
 .text._calloc_r
                0x10007b68       0x9c c:/progra~1/raspbe~1/picosd~1.1/gcc-ar~1/bin/../lib/gcc/arm-none-eabi/10.3.1/../../../../arm-none-eabi/lib/thumb/v6-m/nofp\libg.a(lib_a-callocr.o)
                0x10007b68                _calloc_r
 .text.__errno  0x10007c04        0xc c:/progra~1/raspbe~1/picosd~1.1/gcc-ar~1/bin/../lib/gcc/arm-none-eabi/10.3.1/../../../../arm-none-eabi/lib/thumb/v6-m/nofp\libg.a(lib_a-errno.o)
                0x10007c04                __errno
 .text._malloc_r
                0x10007c10      0x584 c:/progra~1/raspbe~1/picosd~1.1/gcc-ar~1/bin/../lib/gcc/arm-none-eabi/10.3.1/../../../../arm-none-eabi/lib/thumb/v6-m/nofp\libg.a(lib_a-mallocr.o)
                0x10007c10                _malloc_r
 .text.__malloc_lock
                0x10008194       0x10 c:/progra~1/raspbe~1/picosd~1.1/gcc-ar~1/bin/../lib/gcc/arm-none-eabi/10.3.1/../../../../arm-none-eabi/lib/thumb/v6-m/nofp\libg.a(lib_a-mlock.o)
                0x10008194                __malloc_lock
 .text.__malloc_unlock
                0x100081a4       0x10 c:/progra~1/raspbe~1/picosd~1.1/gcc-ar~1/bin/../lib/gcc/arm-none-eabi/10.3.1/../../../../arm-none-eabi/lib/thumb/v6-m/nofp\libg.a(lib_a-mlock.o)
                0x100081a4                __malloc_unlock
 .text._sbrk_r  0x100081b4       0x24 c:/progra~1/raspbe~1/picosd~1.1/gcc-ar~1/bin/../lib/gcc/arm-none-eabi/10.3.1/../../../../arm-none-eabi/lib/thumb/v6-m/nofp\libg.a(lib_a-sbrkr.o)
                0x100081b4                _sbrk_r
 .text.strlen   0x100081d8       0x5c c:/progra~1/raspbe~1/picosd~1.1/gcc-ar~1/bin/../lib/gcc/arm-none-eabi/10.3.1/../../../../arm-none-eabi/lib/thumb/v6-m/nofp\libg.a(lib_a-strlen-stub.o)
                0x100081d8                strlen
 .text._strtod_l
                0x10008234      0xf78 c:/progra~1/raspbe~1/picosd~1.1/gcc-ar~1/bin/../lib/gcc/arm-none-eabi/10.3.1/../../../../arm-none-eabi/lib/thumb/v6-m/nofp\libg.a(lib_a-strtod.o)
                0x10008234                _strtod_l
 .text.strtof   0x100091ac       0xb4 c:/progra~1/raspbe~1/picosd~1.1/gcc-ar~1/bin/../lib/gcc/arm-none-eabi/10.3.1/../../../../arm-none-eabi/lib/thumb/v6-m/nofp\libg.a(lib_a-strtod.o)
                0x100091ac                strtof
 .text._malloc_trim_r
                0x10009260       0x9c c:/progra~1/raspbe~1/picosd~1.1/gcc-ar~1/bin/../lib/gcc/arm-none-eabi/10.3.1/../../../../arm-none-eabi/lib/thumb/v6-m/nofp\libg.a(lib_a-freer.o)
                0x10009260                _malloc_trim_r
 .text._free_r  0x100092fc      0x1c4 c:/progra~1/raspbe~1/picosd~1.1/gcc-ar~1/bin/../lib/gcc/arm-none-eabi/10.3.1/../../../../arm-none-eabi/lib/thumb/v6-m/nofp\libg.a(lib_a-freer.o)
                0x100092fc                _free_r
 .text.rshift   0x100094c0       0xa4 c:/progra~1/raspbe~1/picosd~1.1/gcc-ar~1/bin/../lib/gcc/arm-none-eabi/10.3.1/../../../../arm-none-eabi/lib/thumb/v6-m/nofp\libg.a(lib_a-gdtoa-gethex.o)
 .text.__gethex
                0x10009564      0x5cc c:/progra~1/raspbe~1/picosd~1.1/gcc-ar~1/bin/../lib/gcc/arm-none-eabi/10.3.1/../../../../arm-none-eabi/lib/thumb/v6-m/nofp\libg.a(lib_a-gdtoa-gethex.o)
                0x10009564                __gethex
 .text.__match  0x10009b30       0x2c c:/progra~1/raspbe~1/picosd~1.1/gcc-ar~1/bin/../lib/gcc/arm-none-eabi/10.3.1/../../../../arm-none-eabi/lib/thumb/v6-m/nofp\libg.a(lib_a-gdtoa-hexnan.o)
                0x10009b30                __match
 .text.__hexnan
                0x10009b5c      0x1d0 c:/progra~1/raspbe~1/picosd~1.1/gcc-ar~1/bin/../lib/gcc/arm-none-eabi/10.3.1/../../../../arm-none-eabi/lib/thumb/v6-m/nofp\libg.a(lib_a-gdtoa-hexnan.o)
                0x10009b5c                __hexnan
 .text.__retarget_lock_acquire_recursive
                0x10009d2c        0x4 c:/progra~1/raspbe~1/picosd~1.1/gcc-ar~1/bin/../lib/gcc/arm-none-eabi/10.3.1/../../../../arm-none-eabi/lib/thumb/v6-m/nofp\libg.a(lib_a-lock.o)
                0x10009d2c                __retarget_lock_acquire_recursive
 .text.__retarget_lock_release_recursive
                0x10009d30        0x4 c:/progra~1/raspbe~1/picosd~1.1/gcc-ar~1/bin/../lib/gcc/arm-none-eabi/10.3.1/../../../../arm-none-eabi/lib/thumb/v6-m/nofp\libg.a(lib_a-lock.o)
                0x10009d30                __retarget_lock_release_recursive
 .text.__ascii_mbtowc
                0x10009d34       0x2c c:/progra~1/raspbe~1/picosd~1.1/gcc-ar~1/bin/../lib/gcc/arm-none-eabi/10.3.1/../../../../arm-none-eabi/lib/thumb/v6-m/nofp\libg.a(lib_a-mbtowc_r.o)
                0x10009d34                __ascii_mbtowc
 .text._Balloc  0x10009d60       0x50 c:/progra~1/raspbe~1/picosd~1.1/gcc-ar~1/bin/../lib/gcc/arm-none-eabi/10.3.1/../../../../arm-none-eabi/lib/thumb/v6-m/nofp\libg.a(lib_a-mprec.o)
                0x10009d60                _Balloc
 .text._Bfree   0x10009db0       0x14 c:/progra~1/raspbe~1/picosd~1.1/gcc-ar~1/bin/../lib/gcc/arm-none-eabi/10.3.1/../../../../arm-none-eabi/lib/thumb/v6-m/nofp\libg.a(lib_a-mprec.o)
                0x10009db0                _Bfree
 .text.__multadd
                0x10009dc4       0xa8 c:/progra~1/raspbe~1/picosd~1.1/gcc-ar~1/bin/../lib/gcc/arm-none-eabi/10.3.1/../../../../arm-none-eabi/lib/thumb/v6-m/nofp\libg.a(lib_a-mprec.o)
                0x10009dc4                __multadd
 .text.__s2b    0x10009e6c       0xb0 c:/progra~1/raspbe~1/picosd~1.1/gcc-ar~1/bin/../lib/gcc/arm-none-eabi/10.3.1/../../../../arm-none-eabi/lib/thumb/v6-m/nofp\libg.a(lib_a-mprec.o)
                0x10009e6c                __s2b
 .text.__hi0bits
                0x10009f1c       0x38 c:/progra~1/raspbe~1/picosd~1.1/gcc-ar~1/bin/../lib/gcc/arm-none-eabi/10.3.1/../../../../arm-none-eabi/lib/thumb/v6-m/nofp\libg.a(lib_a-mprec.o)
                0x10009f1c                __hi0bits
 .text.__lo0bits
                0x10009f54       0x5c c:/progra~1/raspbe~1/picosd~1.1/gcc-ar~1/bin/../lib/gcc/arm-none-eabi/10.3.1/../../../../arm-none-eabi/lib/thumb/v6-m/nofp\libg.a(lib_a-mprec.o)
                0x10009f54                __lo0bits
 .text.__i2b    0x10009fb0       0x60 c:/progra~1/raspbe~1/picosd~1.1/gcc-ar~1/bin/../lib/gcc/arm-none-eabi/10.3.1/../../../../arm-none-eabi/lib/thumb/v6-m/nofp\libg.a(lib_a-mprec.o)
                0x10009fb0                __i2b
 .text.__multiply
                0x1000a010      0x1a4 c:/progra~1/raspbe~1/picosd~1.1/gcc-ar~1/bin/../lib/gcc/arm-none-eabi/10.3.1/../../../../arm-none-eabi/lib/thumb/v6-m/nofp\libg.a(lib_a-mprec.o)
                0x1000a010                __multiply
 .text.__pow5mult
                0x1000a1b4       0xd8 c:/progra~1/raspbe~1/picosd~1.1/gcc-ar~1/bin/../lib/gcc/arm-none-eabi/10.3.1/../../../../arm-none-eabi/lib/thumb/v6-m/nofp\libg.a(lib_a-mprec.o)
                0x1000a1b4                __pow5mult
 .text.__lshift
                0x1000a28c       0xfc c:/progra~1/raspbe~1/picosd~1.1/gcc-ar~1/bin/../lib/gcc/arm-none-eabi/10.3.1/../../../../arm-none-eabi/lib/thumb/v6-m/nofp\libg.a(lib_a-mprec.o)
                0x1000a28c                __lshift
 .text.__mcmp   0x1000a388       0x34 c:/progra~1/raspbe~1/picosd~1.1/gcc-ar~1/bin/../lib/gcc/arm-none-eabi/10.3.1/../../../../arm-none-eabi/lib/thumb/v6-m/nofp\libg.a(lib_a-mprec.o)
                0x1000a388                __mcmp
 .text.__mdiff  0x1000a3bc      0x18c c:/progra~1/raspbe~1/picosd~1.1/gcc-ar~1/bin/../lib/gcc/arm-none-eabi/10.3.1/../../../../arm-none-eabi/lib/thumb/v6-m/nofp\libg.a(lib_a-mprec.o)
                0x1000a3bc                __mdiff
 .text.__ulp    0x1000a548       0x48 c:/progra~1/raspbe~1/picosd~1.1/gcc-ar~1/bin/../lib/gcc/arm-none-eabi/10.3.1/../../../../arm-none-eabi/lib/thumb/v6-m/nofp\libg.a(lib_a-mprec.o)
                0x1000a548                __ulp
 .text.__b2d    0x1000a590       0xc8 c:/progra~1/raspbe~1/picosd~1.1/gcc-ar~1/bin/../lib/gcc/arm-none-eabi/10.3.1/../../../../arm-none-eabi/lib/thumb/v6-m/nofp\libg.a(lib_a-mprec.o)
                0x1000a590                __b2d
 .text.__d2b    0x1000a658       0xd8 c:/progra~1/raspbe~1/picosd~1.1/gcc-ar~1/bin/../lib/gcc/arm-none-eabi/10.3.1/../../../../arm-none-eabi/lib/thumb/v6-m/nofp\libg.a(lib_a-mprec.o)
                0x1000a658                __d2b
 .text.__ratio  0x1000a730       0x68 c:/progra~1/raspbe~1/picosd~1.1/gcc-ar~1/bin/../lib/gcc/arm-none-eabi/10.3.1/../../../../arm-none-eabi/lib/thumb/v6-m/nofp\libg.a(lib_a-mprec.o)
                0x1000a730                __ratio
 .text.__copybits
                0x1000a798       0x40 c:/progra~1/raspbe~1/picosd~1.1/gcc-ar~1/bin/../lib/gcc/arm-none-eabi/10.3.1/../../../../arm-none-eabi/lib/thumb/v6-m/nofp\libg.a(lib_a-mprec.o)
                0x1000a798                __copybits
 .text.__any_on
                0x1000a7d8       0x50 c:/progra~1/raspbe~1/picosd~1.1/gcc-ar~1/bin/../lib/gcc/arm-none-eabi/10.3.1/../../../../arm-none-eabi/lib/thumb/v6-m/nofp\libg.a(lib_a-mprec.o)
                0x1000a7d8                __any_on
 .text.nan      0x1000a828        0xc c:/progra~1/raspbe~1/picosd~1.1/gcc-ar~1/bin/../lib/gcc/arm-none-eabi/10.3.1/../../../../arm-none-eabi/lib/thumb/v6-m/nofp\libg.a(lib_a-s_nan.o)
                0x1000a828                nan
 .text.nanf     0x1000a834        0x8 c:/progra~1/raspbe~1/picosd~1.1/gcc-ar~1/bin/../lib/gcc/arm-none-eabi/10.3.1/../../../../arm-none-eabi/lib/thumb/v6-m/nofp\libg.a(lib_a-sf_nan.o)
                0x1000a834                nanf
 .text.strncmp  0x1000a83c       0x74 c:/progra~1/raspbe~1/picosd~1.1/gcc-ar~1/bin/../lib/gcc/arm-none-eabi/10.3.1/../../../../arm-none-eabi/lib/thumb/v6-m/nofp\libg.a(lib_a-strncmp.o)
                0x1000a83c                strncmp
 .text.__ascii_wctomb
                0x1000a8b0       0x1c c:/progra~1/raspbe~1/picosd~1.1/gcc-ar~1/bin/../lib/gcc/arm-none-eabi/10.3.1/../../../../arm-none-eabi/lib/thumb/v6-m/nofp\libg.a(lib_a-wctomb_r.o)
                0x1000a8b0                __ascii_wctomb
 *(.fini)
 .fini          0x1000a8cc        0x4 c:/progra~1/raspbe~1/picosd~1.1/gcc-ar~1/bin/../lib/gcc/arm-none-eabi/10.3.1/thumb/v6-m/nofp/crti.o
                0x1000a8cc                _fini
 .fini.__stub   0x1000a8d0      0x100 linker stubs
 *crtbegin.o(.ctors)
 *crtbegin?.o(.ctors)
 *(EXCLUDE_FILE(*crtend.o *crtend?.o) .ctors)
 *(SORT_BY_NAME(.ctors.*))
 *(.ctors)
 *crtbegin.o(.dtors)
 *crtbegin?.o(.dtors)
 *(EXCLUDE_FILE(*crtend.o *crtend?.o) .dtors)
 *(SORT_BY_NAME(.dtors.*))
 *(.dtors)
 *(.eh_frame*)
 .eh_frame      0x1000a9d0        0x0 c:/progra~1/raspbe~1/picosd~1.1/gcc-ar~1/bin/../lib/gcc/arm-none-eabi/10.3.1/thumb/v6-m/nofp/crtbegin.o
                0x1000a9d0                . = ALIGN (0x4)

.glue_7         0x1000a9d0        0x0
 .glue_7        0x1000a9d0        0x0 linker stubs

.glue_7t        0x1000a9d0        0x0
 .glue_7t       0x1000a9d0        0x0 linker stubs

.vfp11_veneer   0x1000a9d0        0x0
 .vfp11_veneer  0x1000a9d0        0x0 linker stubs

.v4_bx          0x1000a9d0        0x0
 .v4_bx         0x1000a9d0        0x0 linker stubs

.iplt           0x1000a9d0        0x0
 .iplt          0x1000a9d0        0x0 c:/progra~1/raspbe~1/picosd~1.1/gcc-ar~1/bin/../lib/gcc/arm-none-eabi/10.3.1/thumb/v6-m/nofp/crtbegin.o

.rodata         0x1000a9d0     0x1e28
 *(EXCLUDE_FILE(*libm.a: *libc.a:*lib_a-mem*.o *libgcc.a:) .rodata*)
 .rodata.changeWaveform.str1.4
                0x1000a9d0       0x95 CMakeFiles/main.dir/main.c.obj
 *fill*         0x1000aa65        0x3 
 .rodata.readAmplitude.str1.4
                0x1000aa68       0x4e CMakeFiles/main.dir/main.c.obj
 *fill*         0x1000aab6        0x2 
 .rodata.readFrequency.str1.4
                0x1000aab8       0x50 CMakeFiles/main.dir/main.c.obj
 .rodata.readDCOffset.str1.4
                0x1000ab08       0x5b CMakeFiles/main.dir/main.c.obj
 *fill*         0x1000ab63        0x1 
 .rodata.spin_lock_claim_unused.str1.4
                0x1000ab64       0x1b CMakeFiles/main.dir/C_/Program_Files/Raspberry_Pi/Pico_SDK_v1.5.1/pico-sdk/src/rp2_common/hardware_sync/sync.c.obj
 *fill*         0x1000ab7f        0x1 
 .rodata.make_branch.str1.4
                0x1000ab80       0x89 CMakeFiles/main.dir/C_/Program_Files/Raspberry_Pi/Pico_SDK_v1.5.1/pico-sdk/src/rp2_common/hardware_irq/irq.c.obj
 *fill*         0x1000ac09        0x3 
 .rodata.insert_branch_and_link.str1.4
                0x1000ac0c       0x10 CMakeFiles/main.dir/C_/Program_Files/Raspberry_Pi/Pico_SDK_v1.5.1/pico-sdk/src/rp2_common/hardware_irq/irq.c.obj
 .rodata.irq_set_exclusive_handler.str1.4
                0x1000ac1c       0x36 CMakeFiles/main.dir/C_/Program_Files/Raspberry_Pi/Pico_SDK_v1.5.1/pico-sdk/src/rp2_common/hardware_irq/irq.c.obj
 *fill*         0x1000ac52        0x2 
 .rodata.irq_add_shared_handler.str1.4
                0x1000ac54       0xd9 CMakeFiles/main.dir/C_/Program_Files/Raspberry_Pi/Pico_SDK_v1.5.1/pico-sdk/src/rp2_common/hardware_irq/irq.c.obj
 *fill*         0x1000ad2d        0x3 
 .rodata.irq_remove_handler.str1.4
                0x1000ad30       0x3a CMakeFiles/main.dir/C_/Program_Files/Raspberry_Pi/Pico_SDK_v1.5.1/pico-sdk/src/rp2_common/hardware_irq/irq.c.obj
 *fill*         0x1000ad6a        0x2 
 .rodata.irq_add_tail_to_free_list.str1.4
                0x1000ad6c       0x3a CMakeFiles/main.dir/C_/Program_Files/Raspberry_Pi/Pico_SDK_v1.5.1/pico-sdk/src/rp2_common/hardware_irq/irq.c.obj
 *fill*         0x1000ada6        0x2 
 .rodata.user_irq_claim_unused.str1.4
                0x1000ada8       0x1b CMakeFiles/main.dir/C_/Program_Files/Raspberry_Pi/Pico_SDK_v1.5.1/pico-sdk/src/rp2_common/hardware_irq/irq.c.obj
 *fill*         0x1000adc3        0x1 
 .rodata.__func__.0
                0x1000adc4       0x1a CMakeFiles/main.dir/C_/Program_Files/Raspberry_Pi/Pico_SDK_v1.5.1/pico-sdk/src/rp2_common/hardware_irq/irq.c.obj
 *fill*         0x1000adde        0x2 
 .rodata.__func__.1
                0x1000ade0       0x17 CMakeFiles/main.dir/C_/Program_Files/Raspberry_Pi/Pico_SDK_v1.5.1/pico-sdk/src/rp2_common/hardware_irq/irq.c.obj
 *fill*         0x1000adf7        0x1 
 .rodata.__func__.2
                0x1000adf8       0x13 CMakeFiles/main.dir/C_/Program_Files/Raspberry_Pi/Pico_SDK_v1.5.1/pico-sdk/src/rp2_common/hardware_irq/irq.c.obj
 *fill*         0x1000ae0b        0x1 
 .rodata.__func__.3
                0x1000ae0c        0xc CMakeFiles/main.dir/C_/Program_Files/Raspberry_Pi/Pico_SDK_v1.5.1/pico-sdk/src/rp2_common/hardware_irq/irq.c.obj
 .rodata.__func__.4
                0x1000ae18        0xf CMakeFiles/main.dir/C_/Program_Files/Raspberry_Pi/Pico_SDK_v1.5.1/pico-sdk/src/rp2_common/hardware_irq/irq.c.obj
 *fill*         0x1000ae27        0x1 
 .rodata.__func__.5
                0x1000ae28       0x17 CMakeFiles/main.dir/C_/Program_Files/Raspberry_Pi/Pico_SDK_v1.5.1/pico-sdk/src/rp2_common/hardware_irq/irq.c.obj
 *fill*         0x1000ae3f        0x1 
 .rodata.__func__.6
                0x1000ae40       0x1a CMakeFiles/main.dir/C_/Program_Files/Raspberry_Pi/Pico_SDK_v1.5.1/pico-sdk/src/rp2_common/hardware_irq/irq.c.obj
 *fill*         0x1000ae5a        0x2 
 .rodata.str1.4
                0x1000ae5c      0x125 CMakeFiles/main.dir/C_/Program_Files/Raspberry_Pi/Pico_SDK_v1.5.1/pico-sdk/src/common/pico_sync/mutex.c.obj
 *fill*         0x1000af81        0x3 
 .rodata.__func__.1
                0x1000af84        0xb CMakeFiles/main.dir/C_/Program_Files/Raspberry_Pi/Pico_SDK_v1.5.1/pico-sdk/src/common/pico_sync/mutex.c.obj
 *fill*         0x1000af8f        0x1 
 .rodata.__func__.3
                0x1000af90       0x18 CMakeFiles/main.dir/C_/Program_Files/Raspberry_Pi/Pico_SDK_v1.5.1/pico-sdk/src/common/pico_sync/mutex.c.obj
 .rodata.__func__.4
                0x1000afa8       0x15 CMakeFiles/main.dir/C_/Program_Files/Raspberry_Pi/Pico_SDK_v1.5.1/pico-sdk/src/common/pico_sync/mutex.c.obj
 *fill*         0x1000afbd        0x3 
 .rodata.repeating_timer_callback.str1.4
                0x1000afc0       0x67 CMakeFiles/main.dir/C_/Program_Files/Raspberry_Pi/Pico_SDK_v1.5.1/pico-sdk/src/common/pico_time/time.c.obj
 *fill*         0x1000b027        0x1 
 .rodata.timer_pool_entry_comparator.str1.4
                0x1000b028       0x22 CMakeFiles/main.dir/C_/Program_Files/Raspberry_Pi/Pico_SDK_v1.5.1/pico-sdk/src/common/pico_time/time.c.obj
 *fill*         0x1000b04a        0x2 
 .rodata.ph_add_child_node.str1.4
                0x1000b04c       0xb2 CMakeFiles/main.dir/C_/Program_Files/Raspberry_Pi/Pico_SDK_v1.5.1/pico-sdk/src/common/pico_time/time.c.obj
 *fill*         0x1000b0fe        0x2 
 .rodata.add_alarm_under_lock.str1.4
                0x1000b100       0x28 CMakeFiles/main.dir/C_/Program_Files/Raspberry_Pi/Pico_SDK_v1.5.1/pico-sdk/src/common/pico_time/time.c.obj
                                 0x2b (size before relaxing)
 .rodata.alarm_pool_alarm_callback.str1.4
                0x1000b128       0x98 CMakeFiles/main.dir/C_/Program_Files/Raspberry_Pi/Pico_SDK_v1.5.1/pico-sdk/src/common/pico_time/time.c.obj
                                0x118 (size before relaxing)
 .rodata.alarm_pool_get_default.str1.4
                0x1000b1c0       0x21 CMakeFiles/main.dir/C_/Program_Files/Raspberry_Pi/Pico_SDK_v1.5.1/pico-sdk/src/common/pico_time/time.c.obj
 *fill*         0x1000b1e1        0x3 
 .rodata.alarm_pool_cancel_alarm.str1.4
                0x1000b1e4       0x27 CMakeFiles/main.dir/C_/Program_Files/Raspberry_Pi/Pico_SDK_v1.5.1/pico-sdk/src/common/pico_time/time.c.obj
 *fill*         0x1000b20b        0x1 
 .rodata.sleep_until.str1.4
                0x1000b20c       0x4d CMakeFiles/main.dir/C_/Program_Files/Raspberry_Pi/Pico_SDK_v1.5.1/pico-sdk/src/common/pico_time/time.c.obj
 *fill*         0x1000b259        0x3 
 .rodata.__func__.1
                0x1000b25c       0x18 CMakeFiles/main.dir/C_/Program_Files/Raspberry_Pi/Pico_SDK_v1.5.1/pico-sdk/src/common/pico_time/time.c.obj
 .rodata.__func__.10
                0x1000b274       0x15 CMakeFiles/main.dir/C_/Program_Files/Raspberry_Pi/Pico_SDK_v1.5.1/pico-sdk/src/common/pico_time/time.c.obj
 *fill*         0x1000b289        0x3 
 .rodata.__func__.11
                0x1000b28c       0x1a CMakeFiles/main.dir/C_/Program_Files/Raspberry_Pi/Pico_SDK_v1.5.1/pico-sdk/src/common/pico_time/time.c.obj
 *fill*         0x1000b2a6        0x2 
 .rodata.__func__.12
                0x1000b2a8        0xa CMakeFiles/main.dir/C_/Program_Files/Raspberry_Pi/Pico_SDK_v1.5.1/pico-sdk/src/common/pico_time/time.c.obj
 *fill*         0x1000b2b2        0x2 
 .rodata.__func__.3
                0x1000b2b4       0x17 CMakeFiles/main.dir/C_/Program_Files/Raspberry_Pi/Pico_SDK_v1.5.1/pico-sdk/src/common/pico_time/time.c.obj
 *fill*         0x1000b2cb        0x1 
 .rodata.__func__.4
                0x1000b2cc       0x12 CMakeFiles/main.dir/C_/Program_Files/Raspberry_Pi/Pico_SDK_v1.5.1/pico-sdk/src/common/pico_time/time.c.obj
 *fill*         0x1000b2de        0x2 
 .rodata.__func__.5
                0x1000b2e0        0xd CMakeFiles/main.dir/C_/Program_Files/Raspberry_Pi/Pico_SDK_v1.5.1/pico-sdk/src/common/pico_time/time.c.obj
 *fill*         0x1000b2ed        0x3 
 .rodata.__func__.6
                0x1000b2f0       0x12 CMakeFiles/main.dir/C_/Program_Files/Raspberry_Pi/Pico_SDK_v1.5.1/pico-sdk/src/common/pico_time/time.c.obj
 *fill*         0x1000b302        0x2 
 .rodata.__func__.7
                0x1000b304        0xf CMakeFiles/main.dir/C_/Program_Files/Raspberry_Pi/Pico_SDK_v1.5.1/pico-sdk/src/common/pico_time/time.c.obj
 *fill*         0x1000b313        0x1 
 .rodata.__func__.8
                0x1000b314        0xc CMakeFiles/main.dir/C_/Program_Files/Raspberry_Pi/Pico_SDK_v1.5.1/pico-sdk/src/common/pico_time/time.c.obj
 .rodata.__func__.9
                0x1000b320       0x15 CMakeFiles/main.dir/C_/Program_Files/Raspberry_Pi/Pico_SDK_v1.5.1/pico-sdk/src/common/pico_time/time.c.obj
 *fill*         0x1000b335        0x3 
 .rodata.hardware_alarm_claim.str1.4
                0x1000b338       0x22 CMakeFiles/main.dir/C_/Program_Files/Raspberry_Pi/Pico_SDK_v1.5.1/pico-sdk/src/rp2_common/hardware_timer/timer.c.obj
 *fill*         0x1000b35a        0x2 
 .rodata.hardware_alarm_set_target.str1.4
                0x1000b35c       0x81 CMakeFiles/main.dir/C_/Program_Files/Raspberry_Pi/Pico_SDK_v1.5.1/pico-sdk/src/rp2_common/hardware_timer/timer.c.obj
 *fill*         0x1000b3dd        0x3 
 .rodata.__func__.0
                0x1000b3e0       0x1a CMakeFiles/main.dir/C_/Program_Files/Raspberry_Pi/Pico_SDK_v1.5.1/pico-sdk/src/rp2_common/hardware_timer/timer.c.obj
 .rodata.ph_add_child_node.str1.4
                0x1000b3fa       0xb2 CMakeFiles/main.dir/C_/Program_Files/Raspberry_Pi/Pico_SDK_v1.5.1/pico-sdk/src/common/pico_util/pheap.c.obj
 *fill*         0x1000b3fa        0x2 
 .rodata.ph_remove_any_head.str1.4
                0x1000b3fc       0xa8 CMakeFiles/main.dir/C_/Program_Files/Raspberry_Pi/Pico_SDK_v1.5.1/pico-sdk/src/common/pico_util/pheap.c.obj
                                 0xbc (size before relaxing)
 .rodata.ph_remove_and_free_node.str1.4
                0x1000b4a4       0x1e CMakeFiles/main.dir/C_/Program_Files/Raspberry_Pi/Pico_SDK_v1.5.1/pico-sdk/src/common/pico_util/pheap.c.obj
                                 0x26 (size before relaxing)
 *fill*         0x1000b4c2        0x2 
 .rodata.__func__.0
                0x1000b4c4       0x18 CMakeFiles/main.dir/C_/Program_Files/Raspberry_Pi/Pico_SDK_v1.5.1/pico-sdk/src/common/pico_util/pheap.c.obj
 .rodata.__func__.1
                0x1000b4dc       0x13 CMakeFiles/main.dir/C_/Program_Files/Raspberry_Pi/Pico_SDK_v1.5.1/pico-sdk/src/common/pico_util/pheap.c.obj
 *fill*         0x1000b4ef        0x1 
 .rodata.__func__.2
                0x1000b4f0       0x12 CMakeFiles/main.dir/C_/Program_Files/Raspberry_Pi/Pico_SDK_v1.5.1/pico-sdk/src/common/pico_util/pheap.c.obj
 *fill*         0x1000b502        0x2 
 .rodata.__func__.3
                0x1000b504        0xc CMakeFiles/main.dir/C_/Program_Files/Raspberry_Pi/Pico_SDK_v1.5.1/pico-sdk/src/common/pico_util/pheap.c.obj
 .rodata.clock_configure.str1.4
                0x1000b510       0x73 CMakeFiles/main.dir/C_/Program_Files/Raspberry_Pi/Pico_SDK_v1.5.1/pico-sdk/src/rp2_common/hardware_clocks/clocks.c.obj
 *fill*         0x1000b583        0x1 
 .rodata.__func__.1
                0x1000b584       0x10 CMakeFiles/main.dir/C_/Program_Files/Raspberry_Pi/Pico_SDK_v1.5.1/pico-sdk/src/rp2_common/hardware_clocks/clocks.c.obj
 .rodata.pll_init.str1.4
                0x1000b594      0x140 CMakeFiles/main.dir/C_/Program_Files/Raspberry_Pi/Pico_SDK_v1.5.1/pico-sdk/src/rp2_common/hardware_pll/pll.c.obj
 .rodata.__func__.0
                0x1000b6d4        0x9 CMakeFiles/main.dir/C_/Program_Files/Raspberry_Pi/Pico_SDK_v1.5.1/pico-sdk/src/rp2_common/hardware_pll/pll.c.obj
 *fill*         0x1000b6dd        0x3 
 .rodata.__assert_func.str1.4
                0x1000b6e0       0x3f CMakeFiles/main.dir/C_/Program_Files/Raspberry_Pi/Pico_SDK_v1.5.1/pico-sdk/src/rp2_common/pico_runtime/runtime.c.obj
                                 0x43 (size before relaxing)
 *fill*         0x1000b71f        0x1 
 .rodata.runtime_init.str1.4